// Jest Snapshot v1, https://goo.gl/fbAQLP

exports[`class-component given class component *with* tailwindcss styles and other get accessors, should output tailwind styles only in style accessor 1`] = `
"/* eslint-disable */
import { registerInstance as __stencil_registerInstance, attachShadow as __stencil_attachShadow } from \\"@stencil/core/internal/client\\";
import { Host, h } from \\"@stencil/core/internal/client\\";
import basicComponentStyle from \\"./basic-component.css?tag=basic-component&encapsulation=shadow\\";
export const BasicComponent = class extends HTMLElement {
    constructor() {
        super();
        this.__registerHost();
        __stencil_attachShadow(this);
    }
    render() {
        return (h(Host, null, h(\\"div\\", { class: \\"flex\\" }, h(\\"slot\\", null))));
    }
    static get anotherGetter() { return \\"this should not change\\"; }
    static get style() { return '/*! tailwindcss v2.2.4 | MIT License | https://tailwindcss.com*//*! modern-normalize v1.1.0 | MIT License | https://github.com/sindresorhus/modern-normalize */*,:after,:before{--tw-translate-x:0;--tw-translate-y:0;--tw-rotate:0;--tw-skew-x:0;--tw-skew-y:0;--tw-scale-x:1;--tw-scale-y:1;--tw-transform:translateX(var(--tw-translate-x)) translateY(var(--tw-translate-y)) rotate(var(--tw-rotate)) skewX(var(--tw-skew-x)) skewY(var(--tw-skew-y)) scaleX(var(--tw-scale-x)) scaleY(var(--tw-scale-y));--tw-border-opacity:1;--tw-shadow:0 0 #0000;--tw-ring-inset:var(--tw-empty,/*!*/ /*!*/);--tw-ring-offset-width:0px;--tw-ring-offset-color:#fff;--tw-ring-color:rgba(59,130,246,0.5);--tw-ring-offset-shadow:0 0 #0000;--tw-ring-shadow:0 0 #0000;--tw-blur:var(--tw-empty,/*!*/ /*!*/);--tw-brightness:var(--tw-empty,/*!*/ /*!*/);--tw-contrast:var(--tw-empty,/*!*/ /*!*/);--tw-grayscale:var(--tw-empty,/*!*/ /*!*/);--tw-hue-rotate:var(--tw-empty,/*!*/ /*!*/);--tw-invert:var(--tw-empty,/*!*/ /*!*/);--tw-saturate:var(--tw-empty,/*!*/ /*!*/);--tw-sepia:var(--tw-empty,/*!*/ /*!*/);--tw-drop-shadow:var(--tw-empty,/*!*/ /*!*/);--tw-filter:var(--tw-blur) var(--tw-brightness) var(--tw-contrast) var(--tw-grayscale) var(--tw-hue-rotate) var(--tw-invert) var(--tw-saturate) var(--tw-sepia) var(--tw-drop-shadow);--tw-backdrop-blur:var(--tw-empty,/*!*/ /*!*/);--tw-backdrop-brightness:var(--tw-empty,/*!*/ /*!*/);--tw-backdrop-contrast:var(--tw-empty,/*!*/ /*!*/);--tw-backdrop-grayscale:var(--tw-empty,/*!*/ /*!*/);--tw-backdrop-hue-rotate:var(--tw-empty,/*!*/ /*!*/);--tw-backdrop-invert:var(--tw-empty,/*!*/ /*!*/);--tw-backdrop-opacity:var(--tw-empty,/*!*/ /*!*/);--tw-backdrop-saturate:var(--tw-empty,/*!*/ /*!*/);--tw-backdrop-sepia:var(--tw-empty,/*!*/ /*!*/);--tw-backdrop-filter:var(--tw-backdrop-blur) var(--tw-backdrop-brightness) var(--tw-backdrop-contrast) var(--tw-backdrop-grayscale) var(--tw-backdrop-hue-rotate) var(--tw-backdrop-invert) var(--tw-backdrop-opacity) var(--tw-backdrop-saturate) var(--tw-backdrop-sepia);border:0 solid;border-color:rgba(229,231,235,var(--tw-border-opacity));box-sizing:border-box}.static{position:static}.flex{display:flex}.shadow{--tw-shadow:0 1px 3px 0 rgba(0,0,0,0.1),0 1px 2px 0 rgba(0,0,0,0.06);box-shadow:var(--tw-ring-offset-shadow,0 0 #0000),var(--tw-ring-shadow,0 0 #0000),var(--tw-shadow)};' + basicComponentStyle; }
};
"
`;

exports[`class-component given class component *with* tailwindcss styles, should output tailwind styles 1`] = `
"/* eslint-disable */
import { registerInstance as __stencil_registerInstance, attachShadow as __stencil_attachShadow } from \\"@stencil/core/internal/client\\";
import { Host, h } from \\"@stencil/core/internal/client\\";
import basicComponentStyle from \\"./basic-component.css?tag=basic-component&encapsulation=shadow\\";
export const BasicComponent = class extends HTMLElement {
    constructor() {
        super();
        this.__registerHost();
        __stencil_attachShadow(this);
    }
    render() {
        return (h(Host, null, h(\\"div\\", { class: \\"flex flex-row\\" }, h(\\"slot\\", null))));
    }
    static get style() { return '/*! tailwindcss v2.2.4 | MIT License | https://tailwindcss.com*//*! modern-normalize v1.1.0 | MIT License | https://github.com/sindresorhus/modern-normalize */*,:after,:before{--tw-translate-x:0;--tw-translate-y:0;--tw-rotate:0;--tw-skew-x:0;--tw-skew-y:0;--tw-scale-x:1;--tw-scale-y:1;--tw-transform:translateX(var(--tw-translate-x)) translateY(var(--tw-translate-y)) rotate(var(--tw-rotate)) skewX(var(--tw-skew-x)) skewY(var(--tw-skew-y)) scaleX(var(--tw-scale-x)) scaleY(var(--tw-scale-y));--tw-border-opacity:1;--tw-shadow:0 0 #0000;--tw-ring-inset:var(--tw-empty,/*!*/ /*!*/);--tw-ring-offset-width:0px;--tw-ring-offset-color:#fff;--tw-ring-color:rgba(59,130,246,0.5);--tw-ring-offset-shadow:0 0 #0000;--tw-ring-shadow:0 0 #0000;--tw-blur:var(--tw-empty,/*!*/ /*!*/);--tw-brightness:var(--tw-empty,/*!*/ /*!*/);--tw-contrast:var(--tw-empty,/*!*/ /*!*/);--tw-grayscale:var(--tw-empty,/*!*/ /*!*/);--tw-hue-rotate:var(--tw-empty,/*!*/ /*!*/);--tw-invert:var(--tw-empty,/*!*/ /*!*/);--tw-saturate:var(--tw-empty,/*!*/ /*!*/);--tw-sepia:var(--tw-empty,/*!*/ /*!*/);--tw-drop-shadow:var(--tw-empty,/*!*/ /*!*/);--tw-filter:var(--tw-blur) var(--tw-brightness) var(--tw-contrast) var(--tw-grayscale) var(--tw-hue-rotate) var(--tw-invert) var(--tw-saturate) var(--tw-sepia) var(--tw-drop-shadow);--tw-backdrop-blur:var(--tw-empty,/*!*/ /*!*/);--tw-backdrop-brightness:var(--tw-empty,/*!*/ /*!*/);--tw-backdrop-contrast:var(--tw-empty,/*!*/ /*!*/);--tw-backdrop-grayscale:var(--tw-empty,/*!*/ /*!*/);--tw-backdrop-hue-rotate:var(--tw-empty,/*!*/ /*!*/);--tw-backdrop-invert:var(--tw-empty,/*!*/ /*!*/);--tw-backdrop-opacity:var(--tw-empty,/*!*/ /*!*/);--tw-backdrop-saturate:var(--tw-empty,/*!*/ /*!*/);--tw-backdrop-sepia:var(--tw-empty,/*!*/ /*!*/);--tw-backdrop-filter:var(--tw-backdrop-blur) var(--tw-backdrop-brightness) var(--tw-backdrop-contrast) var(--tw-backdrop-grayscale) var(--tw-backdrop-hue-rotate) var(--tw-backdrop-invert) var(--tw-backdrop-opacity) var(--tw-backdrop-saturate) var(--tw-backdrop-sepia);border:0 solid;border-color:rgba(229,231,235,var(--tw-border-opacity));box-sizing:border-box}.static{position:static}.flex{display:flex}.flex-row{flex-direction:row}.shadow{--tw-shadow:0 1px 3px 0 rgba(0,0,0,0.1),0 1px 2px 0 rgba(0,0,0,0.06);box-shadow:var(--tw-ring-offset-shadow,0 0 #0000),var(--tw-ring-shadow,0 0 #0000),var(--tw-shadow)};' + basicComponentStyle; }
};
"
`;

exports[`class-component given class component with no tailwindcss styles and other get accessors, should output unaltered styles 1`] = `
"/* eslint-disable */
import { registerInstance as __stencil_registerInstance, attachShadow as __stencil_attachShadow } from \\"@stencil/core/internal/client\\";
import { Host, h } from \\"@stencil/core/internal/client\\";
import basicComponentStyle from \\"./basic-component.css?tag=basic-component&encapsulation=shadow\\";
export const BasicComponent = class extends HTMLElement {
    constructor() {
        super();
        this.__registerHost();
        __stencil_attachShadow(this);
    }
    render() {
        return (h(Host, null, h(\\"div\\", { class: \\"other-styles\\" }, h(\\"slot\\", null))));
    }
    static get anotherGetter() { return \\"this should not change\\"; }
    static get style() { return '/*! tailwindcss v2.2.4 | MIT License | https://tailwindcss.com*//*! modern-normalize v1.1.0 | MIT License | https://github.com/sindresorhus/modern-normalize */*,:after,:before{--tw-translate-x:0;--tw-translate-y:0;--tw-rotate:0;--tw-skew-x:0;--tw-skew-y:0;--tw-scale-x:1;--tw-scale-y:1;--tw-transform:translateX(var(--tw-translate-x)) translateY(var(--tw-translate-y)) rotate(var(--tw-rotate)) skewX(var(--tw-skew-x)) skewY(var(--tw-skew-y)) scaleX(var(--tw-scale-x)) scaleY(var(--tw-scale-y));--tw-border-opacity:1;--tw-shadow:0 0 #0000;--tw-ring-inset:var(--tw-empty,/*!*/ /*!*/);--tw-ring-offset-width:0px;--tw-ring-offset-color:#fff;--tw-ring-color:rgba(59,130,246,0.5);--tw-ring-offset-shadow:0 0 #0000;--tw-ring-shadow:0 0 #0000;--tw-blur:var(--tw-empty,/*!*/ /*!*/);--tw-brightness:var(--tw-empty,/*!*/ /*!*/);--tw-contrast:var(--tw-empty,/*!*/ /*!*/);--tw-grayscale:var(--tw-empty,/*!*/ /*!*/);--tw-hue-rotate:var(--tw-empty,/*!*/ /*!*/);--tw-invert:var(--tw-empty,/*!*/ /*!*/);--tw-saturate:var(--tw-empty,/*!*/ /*!*/);--tw-sepia:var(--tw-empty,/*!*/ /*!*/);--tw-drop-shadow:var(--tw-empty,/*!*/ /*!*/);--tw-filter:var(--tw-blur) var(--tw-brightness) var(--tw-contrast) var(--tw-grayscale) var(--tw-hue-rotate) var(--tw-invert) var(--tw-saturate) var(--tw-sepia) var(--tw-drop-shadow);--tw-backdrop-blur:var(--tw-empty,/*!*/ /*!*/);--tw-backdrop-brightness:var(--tw-empty,/*!*/ /*!*/);--tw-backdrop-contrast:var(--tw-empty,/*!*/ /*!*/);--tw-backdrop-grayscale:var(--tw-empty,/*!*/ /*!*/);--tw-backdrop-hue-rotate:var(--tw-empty,/*!*/ /*!*/);--tw-backdrop-invert:var(--tw-empty,/*!*/ /*!*/);--tw-backdrop-opacity:var(--tw-empty,/*!*/ /*!*/);--tw-backdrop-saturate:var(--tw-empty,/*!*/ /*!*/);--tw-backdrop-sepia:var(--tw-empty,/*!*/ /*!*/);--tw-backdrop-filter:var(--tw-backdrop-blur) var(--tw-backdrop-brightness) var(--tw-backdrop-contrast) var(--tw-backdrop-grayscale) var(--tw-backdrop-hue-rotate) var(--tw-backdrop-invert) var(--tw-backdrop-opacity) var(--tw-backdrop-saturate) var(--tw-backdrop-sepia);border:0 solid;border-color:rgba(229,231,235,var(--tw-border-opacity));box-sizing:border-box}.static{position:static}.shadow{--tw-shadow:0 1px 3px 0 rgba(0,0,0,0.1),0 1px 2px 0 rgba(0,0,0,0.06);box-shadow:var(--tw-ring-offset-shadow,0 0 #0000),var(--tw-ring-shadow,0 0 #0000),var(--tw-shadow)};' + basicComponentStyle; }
};
"
`;

exports[`class-component given class component with no tailwindcss styles, should output unaltered styles 1`] = `
"/* eslint-disable */
import { registerInstance as __stencil_registerInstance, attachShadow as __stencil_attachShadow } from \\"@stencil/core/internal/client\\";
import { Host, h } from \\"@stencil/core/internal/client\\";
import basicComponentStyle from \\"./basic-component.css?tag=basic-component&encapsulation=shadow\\";
export const BasicComponent = class extends HTMLElement {
    constructor() {
        super();
        this.__registerHost();
        __stencil_attachShadow(this);
    }
    render() {
        return (h(Host, null, h(\\"div\\", { class: \\"other-styles\\" }, h(\\"slot\\", null))));
    }
    static get style() { return '/*! tailwindcss v2.2.4 | MIT License | https://tailwindcss.com*//*! modern-normalize v1.1.0 | MIT License | https://github.com/sindresorhus/modern-normalize */*,:after,:before{--tw-translate-x:0;--tw-translate-y:0;--tw-rotate:0;--tw-skew-x:0;--tw-skew-y:0;--tw-scale-x:1;--tw-scale-y:1;--tw-transform:translateX(var(--tw-translate-x)) translateY(var(--tw-translate-y)) rotate(var(--tw-rotate)) skewX(var(--tw-skew-x)) skewY(var(--tw-skew-y)) scaleX(var(--tw-scale-x)) scaleY(var(--tw-scale-y));--tw-border-opacity:1;--tw-shadow:0 0 #0000;--tw-ring-inset:var(--tw-empty,/*!*/ /*!*/);--tw-ring-offset-width:0px;--tw-ring-offset-color:#fff;--tw-ring-color:rgba(59,130,246,0.5);--tw-ring-offset-shadow:0 0 #0000;--tw-ring-shadow:0 0 #0000;--tw-blur:var(--tw-empty,/*!*/ /*!*/);--tw-brightness:var(--tw-empty,/*!*/ /*!*/);--tw-contrast:var(--tw-empty,/*!*/ /*!*/);--tw-grayscale:var(--tw-empty,/*!*/ /*!*/);--tw-hue-rotate:var(--tw-empty,/*!*/ /*!*/);--tw-invert:var(--tw-empty,/*!*/ /*!*/);--tw-saturate:var(--tw-empty,/*!*/ /*!*/);--tw-sepia:var(--tw-empty,/*!*/ /*!*/);--tw-drop-shadow:var(--tw-empty,/*!*/ /*!*/);--tw-filter:var(--tw-blur) var(--tw-brightness) var(--tw-contrast) var(--tw-grayscale) var(--tw-hue-rotate) var(--tw-invert) var(--tw-saturate) var(--tw-sepia) var(--tw-drop-shadow);--tw-backdrop-blur:var(--tw-empty,/*!*/ /*!*/);--tw-backdrop-brightness:var(--tw-empty,/*!*/ /*!*/);--tw-backdrop-contrast:var(--tw-empty,/*!*/ /*!*/);--tw-backdrop-grayscale:var(--tw-empty,/*!*/ /*!*/);--tw-backdrop-hue-rotate:var(--tw-empty,/*!*/ /*!*/);--tw-backdrop-invert:var(--tw-empty,/*!*/ /*!*/);--tw-backdrop-opacity:var(--tw-empty,/*!*/ /*!*/);--tw-backdrop-saturate:var(--tw-empty,/*!*/ /*!*/);--tw-backdrop-sepia:var(--tw-empty,/*!*/ /*!*/);--tw-backdrop-filter:var(--tw-backdrop-blur) var(--tw-backdrop-brightness) var(--tw-backdrop-contrast) var(--tw-backdrop-grayscale) var(--tw-backdrop-hue-rotate) var(--tw-backdrop-invert) var(--tw-backdrop-opacity) var(--tw-backdrop-saturate) var(--tw-backdrop-sepia);border:0 solid;border-color:rgba(229,231,235,var(--tw-border-opacity));box-sizing:border-box}.static{position:static}.shadow{--tw-shadow:0 1px 3px 0 rgba(0,0,0,0.1),0 1px 2px 0 rgba(0,0,0,0.06);box-shadow:var(--tw-ring-offset-shadow,0 0 #0000),var(--tw-ring-shadow,0 0 #0000),var(--tw-shadow)};' + basicComponentStyle; }
};
"
`;
