// Jest Snapshot v1, https://goo.gl/fbAQLP

exports[`hmr given style css should process @apply rules 1`] = `"/*! tailwindcss v4.1.1 | MIT License | https://tailwindcss.com */@layer theme{:host,:root{--font-sans:ui-sans-serif,system-ui,sans-serif,"Apple Color Emoji","Segoe UI Emoji","Segoe UI Symbol","Noto Color Emoji";--font-mono:ui-monospace,SFMono-Regular,Menlo,Monaco,Consolas,"Liberation Mono","Courier New",monospace;--default-transition-duration:.15s;--default-transition-timing-function:cubic-bezier(.4,0,.2,1);--default-font-family:var(--font-sans);--default-mono-font-family:var(--font-mono)}}@layer base{*,::backdrop,:after,:before{border:0 solid;box-sizing:border-box;margin:0;padding:0;--tw-rotate-x:rotateX(0);--tw-rotate-y:rotateY(0);--tw-rotate-z:rotateZ(0);--tw-skew-x:skewX(0);--tw-skew-y:skewY(0);--tw-duration:initial;--tw-scale-x:1;--tw-scale-y:1;--tw-scale-z:1}::file-selector-button{appearance:button;background-color:#0000;border:0 solid;border-radius:0;box-sizing:border-box;color:inherit;font:inherit;font-feature-settings:inherit;font-variation-settings:inherit;letter-spacing:inherit;margin:0;margin-inline-end:4px;opacity:1;padding:0}:host,html{-webkit-text-size-adjust:100%;font-family:var(--default-font-family,ui-sans-serif,system-ui,sans-serif,"Apple Color Emoji","Segoe UI Emoji","Segoe UI Symbol","Noto Color Emoji");font-feature-settings:var(--default-font-feature-settings,normal);font-variation-settings:var(--default-font-variation-settings,normal);line-height:1.5;tab-size:4;-webkit-tap-highlight-color:transparent}hr{border-top-width:1px;color:inherit;height:0}abbr:where([title]){-webkit-text-decoration:underline dotted;text-decoration:underline dotted}h1,h2,h3,h4,h5,h6{font-size:inherit;font-weight:inherit}a{color:inherit;-webkit-text-decoration:inherit;text-decoration:inherit}b,strong{font-weight:bolder}code,kbd,pre,samp{font-family:var(--default-mono-font-family,ui-monospace,SFMono-Regular,Menlo,Monaco,Consolas,"Liberation Mono","Courier New",monospace);font-feature-settings:var(--default-mono-font-feature-settings,normal);font-size:1em;font-variation-settings:var(--default-mono-font-variation-settings,normal)}small{font-size:80%}sub,sup{font-size:75%;line-height:0;position:relative;vertical-align:baseline}sub{bottom:-.25em}sup{top:-.5em}table{border-collapse:collapse;border-color:inherit;text-indent:0}:-moz-focusring{outline:auto}progress{vertical-align:baseline}summary{display:list-item}menu,ol,ul{list-style:none}audio,canvas,embed,iframe,img,object,svg,video{display:block;vertical-align:middle}img,video{height:auto;max-width:100%}button,input,optgroup,select,textarea{background-color:#0000;border-radius:0;color:inherit;font:inherit;font-feature-settings:inherit;font-variation-settings:inherit;letter-spacing:inherit;opacity:1}:where(select:is([multiple],[size])) optgroup{font-weight:bolder}:where(select:is([multiple],[size])) optgroup option{padding-inline-start:20px}::placeholder{opacity:1}@supports (not ((-webkit-appearance:-apple-pay-button))) or (contain-intrinsic-size:1px){::placeholder{color:color-mix(in oklab,currentColor 50%,transparent)}}textarea{resize:vertical}::-webkit-search-decoration{-webkit-appearance:none}::-webkit-date-and-time-value{min-height:1lh;text-align:inherit}::-webkit-datetime-edit{display:inline-flex;padding-block:0}::-webkit-datetime-edit-fields-wrapper{padding:0}::-webkit-datetime-edit-month-field,::-webkit-datetime-edit-year-field{padding-block:0}::-webkit-datetime-edit-day-field,::-webkit-datetime-edit-hour-field{padding-block:0}::-webkit-datetime-edit-minute-field,::-webkit-datetime-edit-second-field{padding-block:0}::-webkit-datetime-edit-meridiem-field,::-webkit-datetime-edit-millisecond-field{padding-block:0}:-moz-ui-invalid{box-shadow:none}button,input:where([type=button],[type=reset],[type=submit]){appearance:button}::-webkit-inner-spin-button,::-webkit-outer-spin-button{height:auto}[hidden]:where(:not([hidden=until-found])){display:none!important}}@layer components;@layer utilities{.flex{display:flex}.w-6\\/12{width:50%}.transform{transform:var(--tw-rotate-x)var(--tw-rotate-y)var(--tw-rotate-z)var(--tw-skew-x)var(--tw-skew-y)}.flex-col{flex-direction:column}.bg-\\[\\#343da3\\]{background-color:#343da3}.text-\\[3em\\]{font-size:3em}.text-\\[\\#dedede\\]{color:#dedede}.transition{transition-duration:var(--tw-duration,var(--default-transition-duration));transition-property:color,background-color,border-color,outline-color,text-decoration-color,fill,stroke,--tw-gradient-from,--tw-gradient-via,--tw-gradient-to,opacity,box-shadow,transform,translate,scale,rotate,filter,-webkit-backdrop-filter,backdrop-filter;transition-timing-function:var(--tw-ease,var(--default-transition-timing-function))}.duration-500{--tw-duration:.5s;transition-duration:.5s}}:host{display:block;text-overflow:clip}@property --tw-rotate-x{syntax:"*";inherits:false;initial-value:rotateX(0)}@property --tw-rotate-y{syntax:"*";inherits:false;initial-value:rotateY(0)}@property --tw-rotate-z{syntax:"*";inherits:false;initial-value:rotateZ(0)}@property --tw-skew-x{syntax:"*";inherits:false;initial-value:skewX(0)}@property --tw-skew-y{syntax:"*";inherits:false;initial-value:skewY(0)}@property --tw-duration{syntax:"*";inherits:false}@property --tw-scale-x{syntax:"*";inherits:false;initial-value:1}@property --tw-scale-y{syntax:"*";inherits:false;initial-value:1}@property --tw-scale-z{syntax:"*";inherits:false;initial-value:1}@media (hover:hover){.hover\\:scale-110:hover{--tw-scale-x:110%;--tw-scale-y:110%;--tw-scale-z:110%;scale:var(--tw-scale-x)var(--tw-scale-y)}}"`;

exports[`hmr given style css with dependents should process @apply rules with dependents css attached 1`] = `"/*! tailwindcss v4.1.1 | MIT License | https://tailwindcss.com */@layer theme{:host,:root{--font-sans:ui-sans-serif,system-ui,sans-serif,"Apple Color Emoji","Segoe UI Emoji","Segoe UI Symbol","Noto Color Emoji";--font-mono:ui-monospace,SFMono-Regular,Menlo,Monaco,Consolas,"Liberation Mono","Courier New",monospace;--default-transition-duration:.15s;--default-transition-timing-function:cubic-bezier(.4,0,.2,1);--default-font-family:var(--font-sans);--default-mono-font-family:var(--font-mono)}}@layer base{*,::backdrop,:after,:before{border:0 solid;box-sizing:border-box;margin:0;padding:0;--tw-rotate-x:rotateX(0);--tw-rotate-y:rotateY(0);--tw-rotate-z:rotateZ(0);--tw-skew-x:skewX(0);--tw-skew-y:skewY(0);--tw-duration:initial;--tw-scale-x:1;--tw-scale-y:1;--tw-scale-z:1}::file-selector-button{appearance:button;background-color:#0000;border:0 solid;border-radius:0;box-sizing:border-box;color:inherit;font:inherit;font-feature-settings:inherit;font-variation-settings:inherit;letter-spacing:inherit;margin:0;margin-inline-end:4px;opacity:1;padding:0}:host,html{-webkit-text-size-adjust:100%;font-family:var(--default-font-family,ui-sans-serif,system-ui,sans-serif,"Apple Color Emoji","Segoe UI Emoji","Segoe UI Symbol","Noto Color Emoji");font-feature-settings:var(--default-font-feature-settings,normal);font-variation-settings:var(--default-font-variation-settings,normal);line-height:1.5;tab-size:4;-webkit-tap-highlight-color:transparent}hr{border-top-width:1px;color:inherit;height:0}abbr:where([title]){-webkit-text-decoration:underline dotted;text-decoration:underline dotted}h1,h2,h3,h4,h5,h6{font-size:inherit;font-weight:inherit}a{color:inherit;-webkit-text-decoration:inherit;text-decoration:inherit}b,strong{font-weight:bolder}code,kbd,pre,samp{font-family:var(--default-mono-font-family,ui-monospace,SFMono-Regular,Menlo,Monaco,Consolas,"Liberation Mono","Courier New",monospace);font-feature-settings:var(--default-mono-font-feature-settings,normal);font-size:1em;font-variation-settings:var(--default-mono-font-variation-settings,normal)}small{font-size:80%}sub,sup{font-size:75%;line-height:0;position:relative;vertical-align:baseline}sub{bottom:-.25em}sup{top:-.5em}table{border-collapse:collapse;border-color:inherit;text-indent:0}:-moz-focusring{outline:auto}progress{vertical-align:baseline}summary{display:list-item}menu,ol,ul{list-style:none}audio,canvas,embed,iframe,img,object,svg,video{display:block;vertical-align:middle}img,video{height:auto;max-width:100%}button,input,optgroup,select,textarea{background-color:#0000;border-radius:0;color:inherit;font:inherit;font-feature-settings:inherit;font-variation-settings:inherit;letter-spacing:inherit;opacity:1}:where(select:is([multiple],[size])) optgroup{font-weight:bolder}:where(select:is([multiple],[size])) optgroup option{padding-inline-start:20px}::placeholder{opacity:1}@supports (not ((-webkit-appearance:-apple-pay-button))) or (contain-intrinsic-size:1px){::placeholder{color:color-mix(in oklab,currentColor 50%,transparent)}}textarea{resize:vertical}::-webkit-search-decoration{-webkit-appearance:none}::-webkit-date-and-time-value{min-height:1lh;text-align:inherit}::-webkit-datetime-edit{display:inline-flex;padding-block:0}::-webkit-datetime-edit-fields-wrapper{padding:0}::-webkit-datetime-edit-month-field,::-webkit-datetime-edit-year-field{padding-block:0}::-webkit-datetime-edit-day-field,::-webkit-datetime-edit-hour-field{padding-block:0}::-webkit-datetime-edit-minute-field,::-webkit-datetime-edit-second-field{padding-block:0}::-webkit-datetime-edit-meridiem-field,::-webkit-datetime-edit-millisecond-field{padding-block:0}:-moz-ui-invalid{box-shadow:none}button,input:where([type=button],[type=reset],[type=submit]){appearance:button}::-webkit-inner-spin-button,::-webkit-outer-spin-button{height:auto}[hidden]:where(:not([hidden=until-found])){display:none!important}}@layer components;@layer utilities{.flex{display:flex}.w-6\\/12{width:50%}.transform{transform:var(--tw-rotate-x)var(--tw-rotate-y)var(--tw-rotate-z)var(--tw-skew-x)var(--tw-skew-y)}.flex-col{flex-direction:column}.bg-\\[\\#343da3\\]{background-color:#343da3}.text-\\[3em\\]{font-size:3em}.text-\\[\\#dedede\\]{color:#dedede}.transition{transition-duration:var(--tw-duration,var(--default-transition-duration));transition-property:color,background-color,border-color,outline-color,text-decoration-color,fill,stroke,--tw-gradient-from,--tw-gradient-via,--tw-gradient-to,opacity,box-shadow,transform,translate,scale,rotate,filter,-webkit-backdrop-filter,backdrop-filter;transition-timing-function:var(--tw-ease,var(--default-transition-timing-function))}.duration-500{--tw-duration:.5s;transition-duration:.5s}} /*! tailwindcss v4.1.1 | MIT License | https://tailwindcss.com */@layer components;:host{display:block;text-overflow:clip}@property --tw-rotate-x{syntax:"*";inherits:false;initial-value:rotateX(0)}@property --tw-rotate-y{syntax:"*";inherits:false;initial-value:rotateY(0)}@property --tw-rotate-z{syntax:"*";inherits:false;initial-value:rotateZ(0)}@property --tw-skew-x{syntax:"*";inherits:false;initial-value:skewX(0)}@property --tw-skew-y{syntax:"*";inherits:false;initial-value:skewY(0)}@property --tw-duration{syntax:"*";inherits:false}@property --tw-scale-x{syntax:"*";inherits:false;initial-value:1}@property --tw-scale-y{syntax:"*";inherits:false;initial-value:1}@property --tw-scale-z{syntax:"*";inherits:false;initial-value:1}@media (hover:hover){.hover\\:scale-110:hover{--tw-scale-x:110%;--tw-scale-y:110%;--tw-scale-z:110%;scale:var(--tw-scale-x)var(--tw-scale-y)}}"`;
