// Jest Snapshot v1, https://goo.gl/fbAQLP

exports[`basic-component given basic component *with* tailwindcss styles but minify and strip enabled, should keep css 1`] = `
"/* eslint-disable */
import { registerInstance as __stencil_registerInstance } from \\"@stencil/core\\";
import { Component, Host, h } from \\"@stencil/core\\";
import basicComponentStyle from \\"./basic-component.css?tag=basic-component&encapsulation=shadow\\";
export const BasicComponent = class {
    constructor(hostRef) {
        __stencil_registerInstance(this, hostRef);
    }
    render() {
        return (h(Host, null, h(\\"div\\", { class: \\"flex flex-col bg-[#343da3] text-[3em] text-[#dedede] w-6/12 transform transition duration-500 hover:scale-110\\" }, h(\\"slot\\", null))));
    }
};
BasicComponent.style = basicComponentStyle + '*,:after,:before{border:0 solid;box-sizing:border-box}:after,:before{--tw-content:\\"\\"}html{-webkit-text-size-adjust:100%;font-family:ui-sans-serif,system-ui,-apple-system,BlinkMacSystemFont,Segoe UI,Roboto,Helvetica Neue,Arial,Noto Sans,sans-serif,Apple Color Emoji,Segoe UI Emoji,Segoe UI Symbol,Noto Color Emoji;line-height:1.5;-moz-tab-size:4;-o-tab-size:4;tab-size:4}body{line-height:inherit;margin:0}hr{border-top-width:1px;color:inherit;height:0}abbr[title]{-webkit-text-decoration:underline dotted;text-decoration:underline dotted}h1,h2,h3,h4,h5,h6{font-size:inherit;font-weight:inherit}a{color:inherit;text-decoration:inherit}b,strong{font-weight:bolder}code,kbd,pre,samp{font-family:ui-monospace,SFMono-Regular,Menlo,Monaco,Consolas,Liberation Mono,Courier New,monospace;font-size:1em}small{font-size:80%}sub,sup{font-size:75%;line-height:0;position:relative;vertical-align:baseline}sub{bottom:-.25em}sup{top:-.5em}table{border-collapse:collapse;border-color:inherit;text-indent:0}button,input,optgroup,select,textarea{color:inherit;font-family:inherit;font-size:100%;line-height:inherit;margin:0;padding:0}button,select{text-transform:none}[type=button],[type=reset],[type=submit],button{-webkit-appearance:button;background-color:transparent;background-image:none}:-moz-focusring{outline:auto}:-moz-ui-invalid{box-shadow:none}progress{vertical-align:baseline}::-webkit-inner-spin-button,::-webkit-outer-spin-button{height:auto}[type=search]{-webkit-appearance:textfield;outline-offset:-2px}::-webkit-search-decoration{-webkit-appearance:none}::-webkit-file-upload-button{-webkit-appearance:button;font:inherit}summary{display:list-item}blockquote,dd,dl,figure,h1,h2,h3,h4,h5,h6,hr,p,pre{margin:0}fieldset{margin:0}fieldset,legend{padding:0}menu,ol,ul{list-style:none;margin:0;padding:0}textarea{resize:vertical}input::-moz-placeholder,textarea::-moz-placeholder{color:#9ca3af;opacity:1}input:-ms-input-placeholder,textarea:-ms-input-placeholder{color:#9ca3af;opacity:1}input::placeholder,textarea::placeholder{color:#9ca3af;opacity:1}[role=button],button{cursor:pointer}:disabled{cursor:default}audio,canvas,embed,iframe,img,object,svg,video{display:block;vertical-align:middle}img,video{height:auto;max-width:100%}[hidden]{display:none}.hover\\\\\\\\:scale-110,.transform{--tw-translate-x:0;--tw-translate-y:0;--tw-rotate:0;--tw-skew-x:0;--tw-skew-y:0;--tw-scale-x:1;--tw-scale-y:1;--tw-transform:translateX(var(--tw-translate-x)) translateY(var(--tw-translate-y)) rotate(var(--tw-rotate)) skewX(var(--tw-skew-x)) skewY(var(--tw-skew-y)) scaleX(var(--tw-scale-x)) scaleY(var(--tw-scale-y))}.shadow{--tw-ring-offset-shadow:0 0 #0000;--tw-ring-shadow:0 0 #0000;--tw-shadow:0 0 #0000;--tw-shadow-colored:0 0 #0000;--tw-shadow:0 1px 3px 0 rgba(0,0,0,.1),0 1px 2px -1px rgba(0,0,0,.1);--tw-shadow-colored:0 1px 3px 0 var(--tw-shadow-color),0 1px 2px -1px var(--tw-shadow-color);box-shadow:var(--tw-ring-offset-shadow,0 0 #0000),var(--tw-ring-shadow,0 0 #0000),var(--tw-shadow)}.flex{display:flex}.w-6\\\\\\\\/12{width:50%}.transform{transform:var(--tw-transform)}.flex-col{flex-direction:column}.bg-\\\\\\\\[\\\\\\\\#343da3\\\\\\\\]{--tw-bg-opacity:1;background-color:rgb(52 61 163/var(--tw-bg-opacity))}.text-\\\\\\\\[3em\\\\\\\\]{font-size:3em}.text-\\\\\\\\[\\\\\\\\#dedede\\\\\\\\]{--tw-text-opacity:1;color:rgb(222 222 222/var(--tw-text-opacity))}.transition{transition-duration:.15s;transition-property:background-color,border-color,color,fill,stroke,opacity,box-shadow,transform,filter,-webkit-backdrop-filter;transition-property:background-color,border-color,color,fill,stroke,opacity,box-shadow,transform,filter,backdrop-filter;transition-property:background-color,border-color,color,fill,stroke,opacity,box-shadow,transform,filter,backdrop-filter,-webkit-backdrop-filter;transition-timing-function:cubic-bezier(.4,0,.2,1)}.duration-500{transition-duration:.5s}.hover\\\\\\\\:scale-110:hover{--tw-scale-x:1.1;--tw-scale-y:1.1;transform:var(--tw-transform)}';
"
`;

exports[`basic-component given basic component *with* tailwindcss styles but minify disabled, should keep css 1`] = `
"/* eslint-disable */
import { registerInstance as __stencil_registerInstance } from \\"@stencil/core\\";
import { Component, Host, h } from \\"@stencil/core\\";
import basicComponentStyle from \\"./basic-component.css?tag=basic-component&encapsulation=shadow\\";
export const BasicComponent = class {
    constructor(hostRef) {
        __stencil_registerInstance(this, hostRef);
    }
    render() {
        return (h(Host, null, h(\\"div\\", { class: \\"flex flex-col bg-[#343da3] text-[3em] text-[#dedede] w-6/12 transform transition duration-500 hover:scale-110\\" }, h(\\"slot\\", null))));
    }
};
BasicComponent.style = basicComponentStyle + '/*! tailwindcss v3.0.0 | MIT License | https://tailwindcss.com*//*1. Prevent padding and border from affecting element width. (https://github.com/mozdevs/cssremedy/issues/4)2. Allow adding a border to an element by just adding a border-width. (https://github.com/tailwindcss/tailwindcss/pull/116)*/*,::before,::after {  box-sizing: border-box; /* 1 */  border-width: 0; /* 2 */  border-style: solid; /* 2 */  border-color: currentColor; /* 2 */}::before,::after {  --tw-content: \\"\\";}/*1. Use a consistent sensible line-height in all browsers.2. Prevent adjustments of font size after orientation changes in iOS.3. Use a more readable tab size.4. Use the user\\"s configured \\\\\\\\\`sans\\\\\\\\\` font-family by default.*/html {  line-height: 1.5; /* 1 */  -webkit-text-size-adjust: 100%; /* 2 */  -moz-tab-size: 4; /* 3 */  -o-tab-size: 4;     tab-size: 4; /* 3 */  font-family: ui-sans-serif, system-ui, -apple-system, BlinkMacSystemFont, \\"Segoe UI\\", Roboto, \\"Helvetica Neue\\", Arial, \\"Noto Sans\\", sans-serif, \\"Apple Color Emoji\\", \\"Segoe UI Emoji\\", \\"Segoe UI Symbol\\", \\"Noto Color Emoji\\"; /* 4 */}/*1. Remove the margin in all browsers.2. Inherit line-height from \\\\\\\\\`html\\\\\\\\\` so users can set them as a class directly on the \\\\\\\\\`html\\\\\\\\\` element.*/body {  margin: 0; /* 1 */  line-height: inherit; /* 2 */}/*1. Add the correct height in Firefox.2. Correct the inheritance of border color in Firefox. (https://bugzilla.mozilla.org/show_bug.cgi?id=190655)3. Ensure horizontal rules are visible by default.*/hr {  height: 0; /* 1 */  color: inherit; /* 2 */  border-top-width: 1px; /* 3 */}/*Add the correct text decoration in Chrome, Edge, and Safari.*/abbr[title] {  -webkit-text-decoration: underline dotted;          text-decoration: underline dotted;}/*Remove the default font size and weight for headings.*/h1,h2,h3,h4,h5,h6 {  font-size: inherit;  font-weight: inherit;}/*Reset links to optimize for opt-in styling instead of opt-out.*/a {  color: inherit;  text-decoration: inherit;}/*Add the correct font weight in Edge and Safari.*/b,strong {  font-weight: bolder;}/*1. Use the user\\"s configured \\\\\\\\\`mono\\\\\\\\\` font family by default.2. Correct the odd \\\\\\\\\`em\\\\\\\\\` font sizing in all browsers.*/code,kbd,samp,pre {  font-family: ui-monospace, SFMono-Regular, Menlo, Monaco, Consolas, \\"Liberation Mono\\", \\"Courier New\\", monospace; /* 1 */  font-size: 1em; /* 2 */}/*Add the correct font size in all browsers.*/small {  font-size: 80%;}/*Prevent \\\\\\\\\`sub\\\\\\\\\` and \\\\\\\\\`sup\\\\\\\\\` elements from affecting the line height in all browsers.*/sub,sup {  font-size: 75%;  line-height: 0;  position: relative;  vertical-align: baseline;}sub {  bottom: -0.25em;}sup {  top: -0.5em;}/*1. Remove text indentation from table contents in Chrome and Safari. (https://bugs.chromium.org/p/chromium/issues/detail?id=999088, https://bugs.webkit.org/show_bug.cgi?id=201297)2. Correct table border color inheritance in all Chrome and Safari. (https://bugs.chromium.org/p/chromium/issues/detail?id=935729, https://bugs.webkit.org/show_bug.cgi?id=195016)3. Remove gaps between table borders by default.*/table {  text-indent: 0; /* 1 */  border-color: inherit; /* 2 */  border-collapse: collapse;  /* 3 */}/*1. Change the font styles in all browsers.2. Remove the margin in Firefox and Safari.3. Remove default padding in all browsers.*/button,input,optgroup,select,textarea {  font-family: inherit; /* 1 */  font-size: 100%; /* 1 */  line-height: inherit; /* 1 */  color: inherit; /* 1 */  margin: 0; /* 2 */  padding: 0; /* 3 */}/*Remove the inheritance of text transform in Edge and Firefox.*/button,select {  text-transform: none;}/*1. Correct the inability to style clickable types in iOS and Safari.2. Remove default button styles.*/button,[type=\\"button\\"],[type=\\"reset\\"],[type=\\"submit\\"] {  -webkit-appearance: button; /* 1 */  background-color: transparent; /* 2 */  background-image: none; /* 2 */}/*Use the modern Firefox focus style for all focusable elements.*/:-moz-focusring {  outline: auto;}/*Remove the additional \\\\\\\\\`:invalid\\\\\\\\\` styles in Firefox. (https://github.com/mozilla/gecko-dev/blob/2f9eacd9d3d995c937b4251a5557d95d494c9be1/layout/style/res/forms.css#L728-L737)*/:-moz-ui-invalid {  box-shadow: none;}/*Add the correct vertical alignment in Chrome and Firefox.*/progress {  vertical-align: baseline;}/*Correct the cursor style of increment and decrement buttons in Safari.*/::-webkit-inner-spin-button,::-webkit-outer-spin-button {  height: auto;}/*1. Correct the odd appearance in Chrome and Safari.2. Correct the outline style in Safari.*/[type=\\"search\\"] {  -webkit-appearance: textfield; /* 1 */  outline-offset: -2px; /* 2 */}/*Remove the inner padding in Chrome and Safari on macOS.*/::-webkit-search-decoration {  -webkit-appearance: none;}/*1. Correct the inability to style clickable types in iOS and Safari.2. Change font properties to \\\\\\\\\`inherit\\\\\\\\\` in Safari.*/::-webkit-file-upload-button {  -webkit-appearance: button; /* 1 */  font: inherit; /* 2 */}/*Add the correct display in Chrome and Safari.*/summary {  display: list-item;}/*Removes the default spacing and border for appropriate elements.*/blockquote,dl,dd,h1,h2,h3,h4,h5,h6,hr,figure,p,pre {  margin: 0;}fieldset {  margin: 0;  padding: 0;}legend {  padding: 0;}ol,ul,menu {  list-style: none;  margin: 0;  padding: 0;}/*Prevent resizing textareas horizontally by default.*/textarea {  resize: vertical;}/*1. Reset the default placeholder opacity in Firefox. (https://github.com/tailwindlabs/tailwindcss/issues/3300)2. Set the default placeholder color to the user\\"s configured gray 400 color.*/input::-moz-placeholder, textarea::-moz-placeholder {  opacity: 1;  /* 1 */  color: #9ca3af; /* 2 */}input:-ms-input-placeholder, textarea:-ms-input-placeholder {  opacity: 1;  /* 1 */  color: #9ca3af; /* 2 */}input::placeholder,textarea::placeholder {  opacity: 1;  /* 1 */  color: #9ca3af; /* 2 */}/*Set the default cursor for buttons.*/button,[role=\\"button\\"] {  cursor: pointer;}/*Make sure disabled buttons don\\"t get the pointer cursor.*/:disabled {  cursor: default;}/*1. Make replaced elements \\\\\\\\\`display: block\\\\\\\\\` by default. (https://github.com/mozdevs/cssremedy/issues/14)2. Add \\\\\\\\\`vertical-align: middle\\\\\\\\\` to align replaced elements more sensibly by default. (https://github.com/jensimmons/cssremedy/issues/14#issuecomment-634934210)   This can trigger a poorly considered lint error in some tools but is included by design.*/img,svg,video,canvas,audio,iframe,embed,object {  display: block; /* 1 */  vertical-align: middle; /* 2 */}/*Constrain images and videos to the parent width and preserve their intrinsic aspect ratio. (https://github.com/mozdevs/cssremedy/issues/14)*/img,video {  max-width: 100%;  height: auto;}/*Ensure the default browser behavior of the \\\\\\\\\`hidden\\\\\\\\\` attribute.*/[hidden] {  display: none;}.transform, .hover\\\\\\\\:scale-110 {  --tw-translate-x: 0;  --tw-translate-y: 0;  --tw-rotate: 0;  --tw-skew-x: 0;  --tw-skew-y: 0;  --tw-scale-x: 1;  --tw-scale-y: 1;  --tw-transform: translateX(var(--tw-translate-x)) translateY(var(--tw-translate-y)) rotate(var(--tw-rotate)) skewX(var(--tw-skew-x)) skewY(var(--tw-skew-y)) scaleX(var(--tw-scale-x)) scaleY(var(--tw-scale-y));}.shadow {  --tw-ring-offset-shadow: 0 0 #0000;  --tw-ring-shadow: 0 0 #0000;  --tw-shadow: 0 0 #0000;  --tw-shadow-colored: 0 0 #0000;}.flex {  display: flex;}.w-6\\\\\\\\/12 {  width: 50%;}.transform {  transform: var(--tw-transform);}.flex-col {  flex-direction: column;}.bg-\\\\\\\\[\\\\\\\\#343da3\\\\\\\\] {  --tw-bg-opacity: 1;  background-color: rgb(52 61 163 / var(--tw-bg-opacity));}.text-\\\\\\\\[3em\\\\\\\\] {  font-size: 3em;}.text-\\\\\\\\[\\\\\\\\#dedede\\\\\\\\] {  --tw-text-opacity: 1;  color: rgb(222 222 222 / var(--tw-text-opacity));}.shadow {  --tw-shadow: 0 1px 3px 0 rgb(0 0 0 / 0.1), 0 1px 2px -1px rgb(0 0 0 / 0.1);  --tw-shadow-colored: 0 1px 3px 0 var(--tw-shadow-color), 0 1px 2px -1px var(--tw-shadow-color);  box-shadow: var(--tw-ring-offset-shadow, 0 0 #0000), var(--tw-ring-shadow, 0 0 #0000), var(--tw-shadow);}.transition {  transition-property: background-color, border-color, color, fill, stroke, opacity, box-shadow, transform, filter, -webkit-backdrop-filter;  transition-property: background-color, border-color, color, fill, stroke, opacity, box-shadow, transform, filter, backdrop-filter;  transition-property: background-color, border-color, color, fill, stroke, opacity, box-shadow, transform, filter, backdrop-filter, -webkit-backdrop-filter;  transition-timing-function: cubic-bezier(0.4, 0, 0.2, 1);  transition-duration: 150ms;}.duration-500 {  transition-duration: 500ms;}.hover\\\\\\\\:scale-110:hover {  --tw-scale-x: 1.1;  --tw-scale-y: 1.1;  transform: var(--tw-transform);}';
"
`;

exports[`basic-component given basic component *with* tailwindcss styles but no style property, should keep css 1`] = `
"/* eslint-disable */
import { registerInstance as __stencil_registerInstance } from \\"@stencil/core\\";
import { Component, Host, h } from \\"@stencil/core\\";
export const BasicComponent = class {
    constructor(hostRef) {
        __stencil_registerInstance(this, hostRef);
    }
    render() {
        return (h(Host, null, h(\\"div\\", { class: \\"flex flex-col bg-[#343da3] text-[3em] text-[#dedede] w-6/12 transform transition duration-500 hover:scale-110 shadow\\" }, h(\\"slot\\", null))));
    }
};
BasicComponent.style = '/*! tailwindcss v3.0.0 | MIT License | https://tailwindcss.com*//*1. Prevent padding and border from affecting element width. (https://github.com/mozdevs/cssremedy/issues/4)2. Allow adding a border to an element by just adding a border-width. (https://github.com/tailwindcss/tailwindcss/pull/116)*/*,::before,::after {  box-sizing: border-box; /* 1 */  border-width: 0; /* 2 */  border-style: solid; /* 2 */  border-color: currentColor; /* 2 */}::before,::after {  --tw-content: \\"\\";}/*1. Use a consistent sensible line-height in all browsers.2. Prevent adjustments of font size after orientation changes in iOS.3. Use a more readable tab size.4. Use the user\\"s configured \\\\\\\\\`sans\\\\\\\\\` font-family by default.*/html {  line-height: 1.5; /* 1 */  -webkit-text-size-adjust: 100%; /* 2 */  -moz-tab-size: 4; /* 3 */  -o-tab-size: 4;     tab-size: 4; /* 3 */  font-family: ui-sans-serif, system-ui, -apple-system, BlinkMacSystemFont, \\"Segoe UI\\", Roboto, \\"Helvetica Neue\\", Arial, \\"Noto Sans\\", sans-serif, \\"Apple Color Emoji\\", \\"Segoe UI Emoji\\", \\"Segoe UI Symbol\\", \\"Noto Color Emoji\\"; /* 4 */}/*1. Remove the margin in all browsers.2. Inherit line-height from \\\\\\\\\`html\\\\\\\\\` so users can set them as a class directly on the \\\\\\\\\`html\\\\\\\\\` element.*/body {  margin: 0; /* 1 */  line-height: inherit; /* 2 */}/*1. Add the correct height in Firefox.2. Correct the inheritance of border color in Firefox. (https://bugzilla.mozilla.org/show_bug.cgi?id=190655)3. Ensure horizontal rules are visible by default.*/hr {  height: 0; /* 1 */  color: inherit; /* 2 */  border-top-width: 1px; /* 3 */}/*Add the correct text decoration in Chrome, Edge, and Safari.*/abbr[title] {  -webkit-text-decoration: underline dotted;          text-decoration: underline dotted;}/*Remove the default font size and weight for headings.*/h1,h2,h3,h4,h5,h6 {  font-size: inherit;  font-weight: inherit;}/*Reset links to optimize for opt-in styling instead of opt-out.*/a {  color: inherit;  text-decoration: inherit;}/*Add the correct font weight in Edge and Safari.*/b,strong {  font-weight: bolder;}/*1. Use the user\\"s configured \\\\\\\\\`mono\\\\\\\\\` font family by default.2. Correct the odd \\\\\\\\\`em\\\\\\\\\` font sizing in all browsers.*/code,kbd,samp,pre {  font-family: ui-monospace, SFMono-Regular, Menlo, Monaco, Consolas, \\"Liberation Mono\\", \\"Courier New\\", monospace; /* 1 */  font-size: 1em; /* 2 */}/*Add the correct font size in all browsers.*/small {  font-size: 80%;}/*Prevent \\\\\\\\\`sub\\\\\\\\\` and \\\\\\\\\`sup\\\\\\\\\` elements from affecting the line height in all browsers.*/sub,sup {  font-size: 75%;  line-height: 0;  position: relative;  vertical-align: baseline;}sub {  bottom: -0.25em;}sup {  top: -0.5em;}/*1. Remove text indentation from table contents in Chrome and Safari. (https://bugs.chromium.org/p/chromium/issues/detail?id=999088, https://bugs.webkit.org/show_bug.cgi?id=201297)2. Correct table border color inheritance in all Chrome and Safari. (https://bugs.chromium.org/p/chromium/issues/detail?id=935729, https://bugs.webkit.org/show_bug.cgi?id=195016)3. Remove gaps between table borders by default.*/table {  text-indent: 0; /* 1 */  border-color: inherit; /* 2 */  border-collapse: collapse;  /* 3 */}/*1. Change the font styles in all browsers.2. Remove the margin in Firefox and Safari.3. Remove default padding in all browsers.*/button,input,optgroup,select,textarea {  font-family: inherit; /* 1 */  font-size: 100%; /* 1 */  line-height: inherit; /* 1 */  color: inherit; /* 1 */  margin: 0; /* 2 */  padding: 0; /* 3 */}/*Remove the inheritance of text transform in Edge and Firefox.*/button,select {  text-transform: none;}/*1. Correct the inability to style clickable types in iOS and Safari.2. Remove default button styles.*/button,[type=\\"button\\"],[type=\\"reset\\"],[type=\\"submit\\"] {  -webkit-appearance: button; /* 1 */  background-color: transparent; /* 2 */  background-image: none; /* 2 */}/*Use the modern Firefox focus style for all focusable elements.*/:-moz-focusring {  outline: auto;}/*Remove the additional \\\\\\\\\`:invalid\\\\\\\\\` styles in Firefox. (https://github.com/mozilla/gecko-dev/blob/2f9eacd9d3d995c937b4251a5557d95d494c9be1/layout/style/res/forms.css#L728-L737)*/:-moz-ui-invalid {  box-shadow: none;}/*Add the correct vertical alignment in Chrome and Firefox.*/progress {  vertical-align: baseline;}/*Correct the cursor style of increment and decrement buttons in Safari.*/::-webkit-inner-spin-button,::-webkit-outer-spin-button {  height: auto;}/*1. Correct the odd appearance in Chrome and Safari.2. Correct the outline style in Safari.*/[type=\\"search\\"] {  -webkit-appearance: textfield; /* 1 */  outline-offset: -2px; /* 2 */}/*Remove the inner padding in Chrome and Safari on macOS.*/::-webkit-search-decoration {  -webkit-appearance: none;}/*1. Correct the inability to style clickable types in iOS and Safari.2. Change font properties to \\\\\\\\\`inherit\\\\\\\\\` in Safari.*/::-webkit-file-upload-button {  -webkit-appearance: button; /* 1 */  font: inherit; /* 2 */}/*Add the correct display in Chrome and Safari.*/summary {  display: list-item;}/*Removes the default spacing and border for appropriate elements.*/blockquote,dl,dd,h1,h2,h3,h4,h5,h6,hr,figure,p,pre {  margin: 0;}fieldset {  margin: 0;  padding: 0;}legend {  padding: 0;}ol,ul,menu {  list-style: none;  margin: 0;  padding: 0;}/*Prevent resizing textareas horizontally by default.*/textarea {  resize: vertical;}/*1. Reset the default placeholder opacity in Firefox. (https://github.com/tailwindlabs/tailwindcss/issues/3300)2. Set the default placeholder color to the user\\"s configured gray 400 color.*/input::-moz-placeholder, textarea::-moz-placeholder {  opacity: 1;  /* 1 */  color: #9ca3af; /* 2 */}input:-ms-input-placeholder, textarea:-ms-input-placeholder {  opacity: 1;  /* 1 */  color: #9ca3af; /* 2 */}input::placeholder,textarea::placeholder {  opacity: 1;  /* 1 */  color: #9ca3af; /* 2 */}/*Set the default cursor for buttons.*/button,[role=\\"button\\"] {  cursor: pointer;}/*Make sure disabled buttons don\\"t get the pointer cursor.*/:disabled {  cursor: default;}/*1. Make replaced elements \\\\\\\\\`display: block\\\\\\\\\` by default. (https://github.com/mozdevs/cssremedy/issues/14)2. Add \\\\\\\\\`vertical-align: middle\\\\\\\\\` to align replaced elements more sensibly by default. (https://github.com/jensimmons/cssremedy/issues/14#issuecomment-634934210)   This can trigger a poorly considered lint error in some tools but is included by design.*/img,svg,video,canvas,audio,iframe,embed,object {  display: block; /* 1 */  vertical-align: middle; /* 2 */}/*Constrain images and videos to the parent width and preserve their intrinsic aspect ratio. (https://github.com/mozdevs/cssremedy/issues/14)*/img,video {  max-width: 100%;  height: auto;}/*Ensure the default browser behavior of the \\\\\\\\\`hidden\\\\\\\\\` attribute.*/[hidden] {  display: none;}.transform, .hover\\\\\\\\:scale-110 {  --tw-translate-x: 0;  --tw-translate-y: 0;  --tw-rotate: 0;  --tw-skew-x: 0;  --tw-skew-y: 0;  --tw-scale-x: 1;  --tw-scale-y: 1;  --tw-transform: translateX(var(--tw-translate-x)) translateY(var(--tw-translate-y)) rotate(var(--tw-rotate)) skewX(var(--tw-skew-x)) skewY(var(--tw-skew-y)) scaleX(var(--tw-scale-x)) scaleY(var(--tw-scale-y));}.shadow {  --tw-ring-offset-shadow: 0 0 #0000;  --tw-ring-shadow: 0 0 #0000;  --tw-shadow: 0 0 #0000;  --tw-shadow-colored: 0 0 #0000;}.flex {  display: flex;}.w-6\\\\\\\\/12 {  width: 50%;}.transform {  transform: var(--tw-transform);}.flex-col {  flex-direction: column;}.bg-\\\\\\\\[\\\\\\\\#343da3\\\\\\\\] {  --tw-bg-opacity: 1;  background-color: rgb(52 61 163 / var(--tw-bg-opacity));}.text-\\\\\\\\[3em\\\\\\\\] {  font-size: 3em;}.text-\\\\\\\\[\\\\\\\\#dedede\\\\\\\\] {  --tw-text-opacity: 1;  color: rgb(222 222 222 / var(--tw-text-opacity));}.shadow {  --tw-shadow: 0 1px 3px 0 rgb(0 0 0 / 0.1), 0 1px 2px -1px rgb(0 0 0 / 0.1);  --tw-shadow-colored: 0 1px 3px 0 var(--tw-shadow-color), 0 1px 2px -1px var(--tw-shadow-color);  box-shadow: var(--tw-ring-offset-shadow, 0 0 #0000), var(--tw-ring-shadow, 0 0 #0000), var(--tw-shadow);}.transition {  transition-property: background-color, border-color, color, fill, stroke, opacity, box-shadow, transform, filter, -webkit-backdrop-filter;  transition-property: background-color, border-color, color, fill, stroke, opacity, box-shadow, transform, filter, backdrop-filter;  transition-property: background-color, border-color, color, fill, stroke, opacity, box-shadow, transform, filter, backdrop-filter, -webkit-backdrop-filter;  transition-timing-function: cubic-bezier(0.4, 0, 0.2, 1);  transition-duration: 150ms;}.duration-500 {  transition-duration: 500ms;}.hover\\\\\\\\:scale-110:hover {  --tw-scale-x: 1.1;  --tw-scale-y: 1.1;  transform: var(--tw-transform);}';
"
`;

exports[`basic-component given basic component *with* tailwindcss styles, should output tailwind styles appended 1`] = `
"/* eslint-disable */
import { registerInstance as __stencil_registerInstance } from \\"@stencil/core\\";
import { Component, Host, h } from \\"@stencil/core\\";
import basicComponentStyle from \\"./basic-component.css?tag=basic-component&encapsulation=shadow\\";
export const BasicComponent = class {
    constructor(hostRef) {
        __stencil_registerInstance(this, hostRef);
    }
    render() {
        return (h(Host, null, h(\\"div\\", { class: \\"flex flex-col bg-[#343da3] text-[3em] text-[#dedede] w-6/12 transform transition duration-500 hover:scale-110\\" }, h(\\"slot\\", null))));
    }
};
BasicComponent.style = basicComponentStyle + '/*! tailwindcss v3.0.0 | MIT License | https://tailwindcss.com*/*,:after,:before{border:0 solid;box-sizing:border-box}:after,:before{--tw-content:\\"\\"}html{-webkit-text-size-adjust:100%;font-family:ui-sans-serif,system-ui,-apple-system,BlinkMacSystemFont,Segoe UI,Roboto,Helvetica Neue,Arial,Noto Sans,sans-serif,Apple Color Emoji,Segoe UI Emoji,Segoe UI Symbol,Noto Color Emoji;line-height:1.5;-moz-tab-size:4;-o-tab-size:4;tab-size:4}body{line-height:inherit;margin:0}hr{border-top-width:1px;color:inherit;height:0}abbr[title]{-webkit-text-decoration:underline dotted;text-decoration:underline dotted}h1,h2,h3,h4,h5,h6{font-size:inherit;font-weight:inherit}a{color:inherit;text-decoration:inherit}b,strong{font-weight:bolder}code,kbd,pre,samp{font-family:ui-monospace,SFMono-Regular,Menlo,Monaco,Consolas,Liberation Mono,Courier New,monospace;font-size:1em}small{font-size:80%}sub,sup{font-size:75%;line-height:0;position:relative;vertical-align:baseline}sub{bottom:-.25em}sup{top:-.5em}table{border-collapse:collapse;border-color:inherit;text-indent:0}button,input,optgroup,select,textarea{color:inherit;font-family:inherit;font-size:100%;line-height:inherit;margin:0;padding:0}button,select{text-transform:none}[type=button],[type=reset],[type=submit],button{-webkit-appearance:button;background-color:transparent;background-image:none}:-moz-focusring{outline:auto}:-moz-ui-invalid{box-shadow:none}progress{vertical-align:baseline}::-webkit-inner-spin-button,::-webkit-outer-spin-button{height:auto}[type=search]{-webkit-appearance:textfield;outline-offset:-2px}::-webkit-search-decoration{-webkit-appearance:none}::-webkit-file-upload-button{-webkit-appearance:button;font:inherit}summary{display:list-item}blockquote,dd,dl,figure,h1,h2,h3,h4,h5,h6,hr,p,pre{margin:0}fieldset{margin:0}fieldset,legend{padding:0}menu,ol,ul{list-style:none;margin:0;padding:0}textarea{resize:vertical}input::-moz-placeholder,textarea::-moz-placeholder{color:#9ca3af;opacity:1}input:-ms-input-placeholder,textarea:-ms-input-placeholder{color:#9ca3af;opacity:1}input::placeholder,textarea::placeholder{color:#9ca3af;opacity:1}[role=button],button{cursor:pointer}:disabled{cursor:default}audio,canvas,embed,iframe,img,object,svg,video{display:block;vertical-align:middle}img,video{height:auto;max-width:100%}[hidden]{display:none}.hover\\\\\\\\:scale-110,.transform{--tw-translate-x:0;--tw-translate-y:0;--tw-rotate:0;--tw-skew-x:0;--tw-skew-y:0;--tw-scale-x:1;--tw-scale-y:1;--tw-transform:translateX(var(--tw-translate-x)) translateY(var(--tw-translate-y)) rotate(var(--tw-rotate)) skewX(var(--tw-skew-x)) skewY(var(--tw-skew-y)) scaleX(var(--tw-scale-x)) scaleY(var(--tw-scale-y))}.shadow{--tw-ring-offset-shadow:0 0 #0000;--tw-ring-shadow:0 0 #0000;--tw-shadow:0 0 #0000;--tw-shadow-colored:0 0 #0000;--tw-shadow:0 1px 3px 0 rgba(0,0,0,.1),0 1px 2px -1px rgba(0,0,0,.1);--tw-shadow-colored:0 1px 3px 0 var(--tw-shadow-color),0 1px 2px -1px var(--tw-shadow-color);box-shadow:var(--tw-ring-offset-shadow,0 0 #0000),var(--tw-ring-shadow,0 0 #0000),var(--tw-shadow)}.flex{display:flex}.w-6\\\\\\\\/12{width:50%}.transform{transform:var(--tw-transform)}.flex-col{flex-direction:column}.bg-\\\\\\\\[\\\\\\\\#343da3\\\\\\\\]{--tw-bg-opacity:1;background-color:rgb(52 61 163/var(--tw-bg-opacity))}.text-\\\\\\\\[3em\\\\\\\\]{font-size:3em}.text-\\\\\\\\[\\\\\\\\#dedede\\\\\\\\]{--tw-text-opacity:1;color:rgb(222 222 222/var(--tw-text-opacity))}.transition{transition-duration:.15s;transition-property:background-color,border-color,color,fill,stroke,opacity,box-shadow,transform,filter,-webkit-backdrop-filter;transition-property:background-color,border-color,color,fill,stroke,opacity,box-shadow,transform,filter,backdrop-filter;transition-property:background-color,border-color,color,fill,stroke,opacity,box-shadow,transform,filter,backdrop-filter,-webkit-backdrop-filter;transition-timing-function:cubic-bezier(.4,0,.2,1)}.duration-500{transition-duration:.5s}.hover\\\\\\\\:scale-110:hover{--tw-scale-x:1.1;--tw-scale-y:1.1;transform:var(--tw-transform)}';
"
`;

exports[`basic-component given basic component *with* tailwindcss styles, should strip comments 1`] = `
"/* eslint-disable */
import { registerInstance as __stencil_registerInstance } from \\"@stencil/core\\";
import { Component, Host, h } from \\"@stencil/core\\";
import basicComponentStyle from \\"./basic-component.css?tag=basic-component&encapsulation=shadow\\";
export const BasicComponent = class {
    constructor(hostRef) {
        __stencil_registerInstance(this, hostRef);
    }
    render() {
        return (h(Host, null, h(\\"div\\", { class: \\"flex flex-col bg-[#343da3] text-[3em] text-[#dedede] w-6/12 transform transition duration-500 hover:scale-110\\" }, h(\\"slot\\", null))));
    }
};
BasicComponent.style = basicComponentStyle + '*,:after,:before{border:0 solid;box-sizing:border-box}:after,:before{--tw-content:\\"\\"}html{-webkit-text-size-adjust:100%;font-family:ui-sans-serif,system-ui,-apple-system,BlinkMacSystemFont,Segoe UI,Roboto,Helvetica Neue,Arial,Noto Sans,sans-serif,Apple Color Emoji,Segoe UI Emoji,Segoe UI Symbol,Noto Color Emoji;line-height:1.5;-moz-tab-size:4;-o-tab-size:4;tab-size:4}body{line-height:inherit;margin:0}hr{border-top-width:1px;color:inherit;height:0}abbr[title]{-webkit-text-decoration:underline dotted;text-decoration:underline dotted}h1,h2,h3,h4,h5,h6{font-size:inherit;font-weight:inherit}a{color:inherit;text-decoration:inherit}b,strong{font-weight:bolder}code,kbd,pre,samp{font-family:ui-monospace,SFMono-Regular,Menlo,Monaco,Consolas,Liberation Mono,Courier New,monospace;font-size:1em}small{font-size:80%}sub,sup{font-size:75%;line-height:0;position:relative;vertical-align:baseline}sub{bottom:-.25em}sup{top:-.5em}table{border-collapse:collapse;border-color:inherit;text-indent:0}button,input,optgroup,select,textarea{color:inherit;font-family:inherit;font-size:100%;line-height:inherit;margin:0;padding:0}button,select{text-transform:none}[type=button],[type=reset],[type=submit],button{-webkit-appearance:button;background-color:transparent;background-image:none}:-moz-focusring{outline:auto}:-moz-ui-invalid{box-shadow:none}progress{vertical-align:baseline}::-webkit-inner-spin-button,::-webkit-outer-spin-button{height:auto}[type=search]{-webkit-appearance:textfield;outline-offset:-2px}::-webkit-search-decoration{-webkit-appearance:none}::-webkit-file-upload-button{-webkit-appearance:button;font:inherit}summary{display:list-item}blockquote,dd,dl,figure,h1,h2,h3,h4,h5,h6,hr,p,pre{margin:0}fieldset{margin:0}fieldset,legend{padding:0}menu,ol,ul{list-style:none;margin:0;padding:0}textarea{resize:vertical}input::-moz-placeholder,textarea::-moz-placeholder{color:#9ca3af;opacity:1}input:-ms-input-placeholder,textarea:-ms-input-placeholder{color:#9ca3af;opacity:1}input::placeholder,textarea::placeholder{color:#9ca3af;opacity:1}[role=button],button{cursor:pointer}:disabled{cursor:default}audio,canvas,embed,iframe,img,object,svg,video{display:block;vertical-align:middle}img,video{height:auto;max-width:100%}[hidden]{display:none}.hover\\\\\\\\:scale-110,.transform{--tw-translate-x:0;--tw-translate-y:0;--tw-rotate:0;--tw-skew-x:0;--tw-skew-y:0;--tw-scale-x:1;--tw-scale-y:1;--tw-transform:translateX(var(--tw-translate-x)) translateY(var(--tw-translate-y)) rotate(var(--tw-rotate)) skewX(var(--tw-skew-x)) skewY(var(--tw-skew-y)) scaleX(var(--tw-scale-x)) scaleY(var(--tw-scale-y))}.shadow{--tw-ring-offset-shadow:0 0 #0000;--tw-ring-shadow:0 0 #0000;--tw-shadow:0 0 #0000;--tw-shadow-colored:0 0 #0000;--tw-shadow:0 1px 3px 0 rgba(0,0,0,.1),0 1px 2px -1px rgba(0,0,0,.1);--tw-shadow-colored:0 1px 3px 0 var(--tw-shadow-color),0 1px 2px -1px var(--tw-shadow-color);box-shadow:var(--tw-ring-offset-shadow,0 0 #0000),var(--tw-ring-shadow,0 0 #0000),var(--tw-shadow)}.flex{display:flex}.w-6\\\\\\\\/12{width:50%}.transform{transform:var(--tw-transform)}.flex-col{flex-direction:column}.bg-\\\\\\\\[\\\\\\\\#343da3\\\\\\\\]{--tw-bg-opacity:1;background-color:rgb(52 61 163/var(--tw-bg-opacity))}.text-\\\\\\\\[3em\\\\\\\\]{font-size:3em}.text-\\\\\\\\[\\\\\\\\#dedede\\\\\\\\]{--tw-text-opacity:1;color:rgb(222 222 222/var(--tw-text-opacity))}.transition{transition-duration:.15s;transition-property:background-color,border-color,color,fill,stroke,opacity,box-shadow,transform,filter,-webkit-backdrop-filter;transition-property:background-color,border-color,color,fill,stroke,opacity,box-shadow,transform,filter,backdrop-filter;transition-property:background-color,border-color,color,fill,stroke,opacity,box-shadow,transform,filter,backdrop-filter,-webkit-backdrop-filter;transition-timing-function:cubic-bezier(.4,0,.2,1)}.duration-500{transition-duration:.5s}.hover\\\\\\\\:scale-110:hover{--tw-scale-x:1.1;--tw-scale-y:1.1;transform:var(--tw-transform)}';
"
`;

exports[`basic-component given basic component with no tailwindcss styles, should output unaltered styles 1`] = `
"/* eslint-disable */
import { registerInstance as __stencil_registerInstance } from \\"@stencil/core\\";
import { Component, Host, h } from \\"@stencil/core\\";
import basicComponentStyle from \\"./basic-component.css?tag=basic-component&encapsulation=shadow\\";
export const BasicComponent = class {
    constructor(hostRef) {
        __stencil_registerInstance(this, hostRef);
    }
    render() {
        return (h(Host, null, h(\\"slot\\", null)));
    }
};
BasicComponent.style = basicComponentStyle + '/*! tailwindcss v3.0.0 | MIT License | https://tailwindcss.com*/*,:after,:before{border:0 solid;box-sizing:border-box}:after,:before{--tw-content:\\"\\"}html{-webkit-text-size-adjust:100%;font-family:ui-sans-serif,system-ui,-apple-system,BlinkMacSystemFont,Segoe UI,Roboto,Helvetica Neue,Arial,Noto Sans,sans-serif,Apple Color Emoji,Segoe UI Emoji,Segoe UI Symbol,Noto Color Emoji;line-height:1.5;-moz-tab-size:4;-o-tab-size:4;tab-size:4}body{line-height:inherit;margin:0}hr{border-top-width:1px;color:inherit;height:0}abbr[title]{-webkit-text-decoration:underline dotted;text-decoration:underline dotted}h1,h2,h3,h4,h5,h6{font-size:inherit;font-weight:inherit}a{color:inherit;text-decoration:inherit}b,strong{font-weight:bolder}code,kbd,pre,samp{font-family:ui-monospace,SFMono-Regular,Menlo,Monaco,Consolas,Liberation Mono,Courier New,monospace;font-size:1em}small{font-size:80%}sub,sup{font-size:75%;line-height:0;position:relative;vertical-align:baseline}sub{bottom:-.25em}sup{top:-.5em}table{border-collapse:collapse;border-color:inherit;text-indent:0}button,input,optgroup,select,textarea{color:inherit;font-family:inherit;font-size:100%;line-height:inherit;margin:0;padding:0}button,select{text-transform:none}[type=button],[type=reset],[type=submit],button{-webkit-appearance:button;background-color:transparent;background-image:none}:-moz-focusring{outline:auto}:-moz-ui-invalid{box-shadow:none}progress{vertical-align:baseline}::-webkit-inner-spin-button,::-webkit-outer-spin-button{height:auto}[type=search]{-webkit-appearance:textfield;outline-offset:-2px}::-webkit-search-decoration{-webkit-appearance:none}::-webkit-file-upload-button{-webkit-appearance:button;font:inherit}summary{display:list-item}blockquote,dd,dl,figure,h1,h2,h3,h4,h5,h6,hr,p,pre{margin:0}fieldset{margin:0}fieldset,legend{padding:0}menu,ol,ul{list-style:none;margin:0;padding:0}textarea{resize:vertical}input::-moz-placeholder,textarea::-moz-placeholder{color:#9ca3af;opacity:1}input:-ms-input-placeholder,textarea:-ms-input-placeholder{color:#9ca3af;opacity:1}input::placeholder,textarea::placeholder{color:#9ca3af;opacity:1}[role=button],button{cursor:pointer}:disabled{cursor:default}audio,canvas,embed,iframe,img,object,svg,video{display:block;vertical-align:middle}img,video{height:auto;max-width:100%}[hidden]{display:none}.shadow{--tw-ring-offset-shadow:0 0 #0000;--tw-ring-shadow:0 0 #0000;--tw-shadow:0 1px 3px 0 rgba(0,0,0,.1),0 1px 2px -1px rgba(0,0,0,.1);--tw-shadow-colored:0 1px 3px 0 var(--tw-shadow-color),0 1px 2px -1px var(--tw-shadow-color);box-shadow:var(--tw-ring-offset-shadow,0 0 #0000),var(--tw-ring-shadow,0 0 #0000),var(--tw-shadow)}';
"
`;
