// Jest Snapshot v1, https://goo.gl/fbAQLP

exports[`style-component given style component with no tailwindcss styles, should output unaltered styles 1`] = `
"/* eslint-disable */
const basicComponentCss = "/*! tailwindcss v4.1.1 | MIT License | https://tailwindcss.com */@layer theme{:host,:root{--font-sans:ui-sans-serif,system-ui,sans-serif,\\"Apple Color Emoji\\",\\"Segoe UI Emoji\\",\\"Segoe UI Symbol\\",\\"Noto Color Emoji\\";--font-mono:ui-monospace,SFMono-Regular,Menlo,Monaco,Consolas,\\"Liberation Mono\\",\\"Courier New\\",monospace;--default-font-family:var(--font-sans);--default-mono-font-family:var(--font-mono)}}@layer base{*,::backdrop,:after,:before{border:0 solid;box-sizing:border-box;margin:0;padding:0}::file-selector-button{appearance:button;background-color:#0000;border:0 solid;border-radius:0;box-sizing:border-box;color:inherit;font:inherit;font-feature-settings:inherit;font-variation-settings:inherit;letter-spacing:inherit;margin:0;margin-inline-end:4px;opacity:1;padding:0}:host,html{-webkit-text-size-adjust:100%;font-family:var(--default-font-family,ui-sans-serif,system-ui,sans-serif,\\"Apple Color Emoji\\",\\"Segoe UI Emoji\\",\\"Segoe UI Symbol\\",\\"Noto Color Emoji\\");font-feature-settings:var(--default-font-feature-settings,normal);font-variation-settings:var(--default-font-variation-settings,normal);line-height:1.5;tab-size:4;-webkit-tap-highlight-color:transparent}hr{border-top-width:1px;color:inherit;height:0}abbr:where([title]){-webkit-text-decoration:underline dotted;text-decoration:underline dotted}h1,h2,h3,h4,h5,h6{font-size:inherit;font-weight:inherit}a{color:inherit;-webkit-text-decoration:inherit;text-decoration:inherit}b,strong{font-weight:bolder}code,kbd,pre,samp{font-family:var(--default-mono-font-family,ui-monospace,SFMono-Regular,Menlo,Monaco,Consolas,\\"Liberation Mono\\",\\"Courier New\\",monospace);font-feature-settings:var(--default-mono-font-feature-settings,normal);font-size:1em;font-variation-settings:var(--default-mono-font-variation-settings,normal)}small{font-size:80%}sub,sup{font-size:75%;line-height:0;position:relative;vertical-align:baseline}sub{bottom:-.25em}sup{top:-.5em}table{border-collapse:collapse;border-color:inherit;text-indent:0}:-moz-focusring{outline:auto}progress{vertical-align:baseline}summary{display:list-item}menu,ol,ul{list-style:none}audio,canvas,embed,iframe,img,object,svg,video{display:block;vertical-align:middle}img,video{height:auto;max-width:100%}button,input,optgroup,select,textarea{background-color:#0000;border-radius:0;color:inherit;font:inherit;font-feature-settings:inherit;font-variation-settings:inherit;letter-spacing:inherit;opacity:1}:where(select:is([multiple],[size])) optgroup{font-weight:bolder}:where(select:is([multiple],[size])) optgroup option{padding-inline-start:20px}::placeholder{opacity:1}@supports (not ((-webkit-appearance:-apple-pay-button))) or (contain-intrinsic-size:1px){::placeholder{color:color-mix(in oklab,currentColor 50%,transparent)}}textarea{resize:vertical}::-webkit-search-decoration{-webkit-appearance:none}::-webkit-date-and-time-value{min-height:1lh;text-align:inherit}::-webkit-datetime-edit{display:inline-flex;padding-block:0}::-webkit-datetime-edit-fields-wrapper{padding:0}::-webkit-datetime-edit-month-field,::-webkit-datetime-edit-year-field{padding-block:0}::-webkit-datetime-edit-day-field,::-webkit-datetime-edit-hour-field{padding-block:0}::-webkit-datetime-edit-minute-field,::-webkit-datetime-edit-second-field{padding-block:0}::-webkit-datetime-edit-meridiem-field,::-webkit-datetime-edit-millisecond-field{padding-block:0}:-moz-ui-invalid{box-shadow:none}button,input:where([type=button],[type=reset],[type=submit]){appearance:button}::-webkit-inner-spin-button,::-webkit-outer-spin-button{height:auto}[hidden]:where(:not([hidden=until-found])){display:none!important}}@layer components,utilities;:host{display:block}";
export default basicComponentCss;
"
`;

exports[`style-component given style component with tailwindcss function configuration, should output styles configured with new file configuration 1`] = `
"/* eslint-disable */
const basicComponentCss = "/*! tailwindcss v4.1.1 | MIT License | https://tailwindcss.com */@layer theme{:host,:root{--font-sans:ui-sans-serif,system-ui,sans-serif,\\"Apple Color Emoji\\",\\"Segoe UI Emoji\\",\\"Segoe UI Symbol\\",\\"Noto Color Emoji\\";--font-mono:ui-monospace,SFMono-Regular,Menlo,Monaco,Consolas,\\"Liberation Mono\\",\\"Courier New\\",monospace;--color-red-100:oklch(93.6% .032 17.717);--default-font-family:var(--font-sans);--default-mono-font-family:var(--font-mono)}}@layer base{*,::backdrop,:after,:before{border:0 solid;box-sizing:border-box;margin:0;padding:0}::file-selector-button{appearance:button;background-color:#0000;border:0 solid;border-radius:0;box-sizing:border-box;color:inherit;font:inherit;font-feature-settings:inherit;font-variation-settings:inherit;letter-spacing:inherit;margin:0;margin-inline-end:4px;opacity:1;padding:0}:host,html{-webkit-text-size-adjust:100%;font-family:var(--default-font-family,ui-sans-serif,system-ui,sans-serif,\\"Apple Color Emoji\\",\\"Segoe UI Emoji\\",\\"Segoe UI Symbol\\",\\"Noto Color Emoji\\");font-feature-settings:var(--default-font-feature-settings,normal);font-variation-settings:var(--default-font-variation-settings,normal);line-height:1.5;tab-size:4;-webkit-tap-highlight-color:transparent}hr{border-top-width:1px;color:inherit;height:0}abbr:where([title]){-webkit-text-decoration:underline dotted;text-decoration:underline dotted}h1,h2,h3,h4,h5,h6{font-size:inherit;font-weight:inherit}a{color:inherit;-webkit-text-decoration:inherit;text-decoration:inherit}b,strong{font-weight:bolder}code,kbd,pre,samp{font-family:var(--default-mono-font-family,ui-monospace,SFMono-Regular,Menlo,Monaco,Consolas,\\"Liberation Mono\\",\\"Courier New\\",monospace);font-feature-settings:var(--default-mono-font-feature-settings,normal);font-size:1em;font-variation-settings:var(--default-mono-font-variation-settings,normal)}small{font-size:80%}sub,sup{font-size:75%;line-height:0;position:relative;vertical-align:baseline}sub{bottom:-.25em}sup{top:-.5em}table{border-collapse:collapse;border-color:inherit;text-indent:0}:-moz-focusring{outline:auto}progress{vertical-align:baseline}summary{display:list-item}menu,ol,ul{list-style:none}audio,canvas,embed,iframe,img,object,svg,video{display:block;vertical-align:middle}img,video{height:auto;max-width:100%}button,input,optgroup,select,textarea{background-color:#0000;border-radius:0;color:inherit;font:inherit;font-feature-settings:inherit;font-variation-settings:inherit;letter-spacing:inherit;opacity:1}:where(select:is([multiple],[size])) optgroup{font-weight:bolder}:where(select:is([multiple],[size])) optgroup option{padding-inline-start:20px}::placeholder{opacity:1}@supports (not ((-webkit-appearance:-apple-pay-button))) or (contain-intrinsic-size:1px){::placeholder{color:color-mix(in oklab,currentColor 50%,transparent)}}textarea{resize:vertical}::-webkit-search-decoration{-webkit-appearance:none}::-webkit-date-and-time-value{min-height:1lh;text-align:inherit}::-webkit-datetime-edit{display:inline-flex;padding-block:0}::-webkit-datetime-edit-fields-wrapper{padding:0}::-webkit-datetime-edit-month-field,::-webkit-datetime-edit-year-field{padding-block:0}::-webkit-datetime-edit-day-field,::-webkit-datetime-edit-hour-field{padding-block:0}::-webkit-datetime-edit-minute-field,::-webkit-datetime-edit-second-field{padding-block:0}::-webkit-datetime-edit-meridiem-field,::-webkit-datetime-edit-millisecond-field{padding-block:0}:-moz-ui-invalid{box-shadow:none}button,input:where([type=button],[type=reset],[type=submit]){appearance:button}::-webkit-inner-spin-button,::-webkit-outer-spin-button{height:auto}[hidden]:where(:not([hidden=until-found])){display:none!important}}@layer components,utilities;:host{display:block}.md{color:var(--color-red-100)}";
export default basicComponentCss;
"
`;

exports[`style-component given style component with tailwindcss styles, should output styles 1`] = `
"/* eslint-disable */
const basicComponentCss = "/*! tailwindcss v4.1.1 | MIT License | https://tailwindcss.com */@layer theme{:host,:root{--font-sans:ui-sans-serif,system-ui,sans-serif,\\"Apple Color Emoji\\",\\"Segoe UI Emoji\\",\\"Segoe UI Symbol\\",\\"Noto Color Emoji\\";--font-mono:ui-monospace,SFMono-Regular,Menlo,Monaco,Consolas,\\"Liberation Mono\\",\\"Courier New\\",monospace;--color-red-100:oklch(93.6% .032 17.717);--default-font-family:var(--font-sans);--default-mono-font-family:var(--font-mono)}}@layer base{*,::backdrop,:after,:before{border:0 solid;box-sizing:border-box;margin:0;padding:0}::file-selector-button{appearance:button;background-color:#0000;border:0 solid;border-radius:0;box-sizing:border-box;color:inherit;font:inherit;font-feature-settings:inherit;font-variation-settings:inherit;letter-spacing:inherit;margin:0;margin-inline-end:4px;opacity:1;padding:0}:host,html{-webkit-text-size-adjust:100%;font-family:var(--default-font-family,ui-sans-serif,system-ui,sans-serif,\\"Apple Color Emoji\\",\\"Segoe UI Emoji\\",\\"Segoe UI Symbol\\",\\"Noto Color Emoji\\");font-feature-settings:var(--default-font-feature-settings,normal);font-variation-settings:var(--default-font-variation-settings,normal);line-height:1.5;tab-size:4;-webkit-tap-highlight-color:transparent}hr{border-top-width:1px;color:inherit;height:0}abbr:where([title]){-webkit-text-decoration:underline dotted;text-decoration:underline dotted}h1,h2,h3,h4,h5,h6{font-size:inherit;font-weight:inherit}a{color:inherit;-webkit-text-decoration:inherit;text-decoration:inherit}b,strong{font-weight:bolder}code,kbd,pre,samp{font-family:var(--default-mono-font-family,ui-monospace,SFMono-Regular,Menlo,Monaco,Consolas,\\"Liberation Mono\\",\\"Courier New\\",monospace);font-feature-settings:var(--default-mono-font-feature-settings,normal);font-size:1em;font-variation-settings:var(--default-mono-font-variation-settings,normal)}small{font-size:80%}sub,sup{font-size:75%;line-height:0;position:relative;vertical-align:baseline}sub{bottom:-.25em}sup{top:-.5em}table{border-collapse:collapse;border-color:inherit;text-indent:0}:-moz-focusring{outline:auto}progress{vertical-align:baseline}summary{display:list-item}menu,ol,ul{list-style:none}audio,canvas,embed,iframe,img,object,svg,video{display:block;vertical-align:middle}img,video{height:auto;max-width:100%}button,input,optgroup,select,textarea{background-color:#0000;border-radius:0;color:inherit;font:inherit;font-feature-settings:inherit;font-variation-settings:inherit;letter-spacing:inherit;opacity:1}:where(select:is([multiple],[size])) optgroup{font-weight:bolder}:where(select:is([multiple],[size])) optgroup option{padding-inline-start:20px}::placeholder{opacity:1}@supports (not ((-webkit-appearance:-apple-pay-button))) or (contain-intrinsic-size:1px){::placeholder{color:color-mix(in oklab,currentColor 50%,transparent)}}textarea{resize:vertical}::-webkit-search-decoration{-webkit-appearance:none}::-webkit-date-and-time-value{min-height:1lh;text-align:inherit}::-webkit-datetime-edit{display:inline-flex;padding-block:0}::-webkit-datetime-edit-fields-wrapper{padding:0}::-webkit-datetime-edit-month-field,::-webkit-datetime-edit-year-field{padding-block:0}::-webkit-datetime-edit-day-field,::-webkit-datetime-edit-hour-field{padding-block:0}::-webkit-datetime-edit-minute-field,::-webkit-datetime-edit-second-field{padding-block:0}::-webkit-datetime-edit-meridiem-field,::-webkit-datetime-edit-millisecond-field{padding-block:0}:-moz-ui-invalid{box-shadow:none}button,input:where([type=button],[type=reset],[type=submit]){appearance:button}::-webkit-inner-spin-button,::-webkit-outer-spin-button{height:auto}[hidden]:where(:not([hidden=until-found])){display:none!important}}@layer components,utilities;:host{display:block}.md{color:var(--color-red-100)}";
export default basicComponentCss;
"
`;
