// Jest Snapshot v1, https://goo.gl/fbAQLP

exports[`functional-component given functional class component in imported file to component and stripped comment, should remove output comments 1`] = `
"/* eslint-disable */
const basicComponentCss = \\":host{display:block}.md{--tw-text-opacity:1;color:rgba(254,226,226,var(--tw-text-opacity))}*,:after,:before{--tw-translate-x:0;--tw-translate-y:0;--tw-rotate:0;--tw-skew-x:0;--tw-skew-y:0;--tw-scale-x:1;--tw-scale-y:1;--tw-transform:translateX(var(--tw-translate-x)) translateY(var(--tw-translate-y)) rotate(var(--tw-rotate)) skewX(var(--tw-skew-x)) skewY(var(--tw-skew-y)) scaleX(var(--tw-scale-x)) scaleY(var(--tw-scale-y));--tw-border-opacity:1;--tw-shadow:0 0 #0000;--tw-ring-inset:var(--tw-empty,/*!*/ /*!*/);--tw-ring-offset-width:0px;--tw-ring-offset-color:#fff;--tw-ring-color:rgba(59,130,246,0.5);--tw-ring-offset-shadow:0 0 #0000;--tw-ring-shadow:0 0 #0000;--tw-blur:var(--tw-empty,/*!*/ /*!*/);--tw-brightness:var(--tw-empty,/*!*/ /*!*/);--tw-contrast:var(--tw-empty,/*!*/ /*!*/);--tw-grayscale:var(--tw-empty,/*!*/ /*!*/);--tw-hue-rotate:var(--tw-empty,/*!*/ /*!*/);--tw-invert:var(--tw-empty,/*!*/ /*!*/);--tw-saturate:var(--tw-empty,/*!*/ /*!*/);--tw-sepia:var(--tw-empty,/*!*/ /*!*/);--tw-drop-shadow:var(--tw-empty,/*!*/ /*!*/);--tw-filter:var(--tw-blur) var(--tw-brightness) var(--tw-contrast) var(--tw-grayscale) var(--tw-hue-rotate) var(--tw-invert) var(--tw-saturate) var(--tw-sepia) var(--tw-drop-shadow);--tw-backdrop-blur:var(--tw-empty,/*!*/ /*!*/);--tw-backdrop-brightness:var(--tw-empty,/*!*/ /*!*/);--tw-backdrop-contrast:var(--tw-empty,/*!*/ /*!*/);--tw-backdrop-grayscale:var(--tw-empty,/*!*/ /*!*/);--tw-backdrop-hue-rotate:var(--tw-empty,/*!*/ /*!*/);--tw-backdrop-invert:var(--tw-empty,/*!*/ /*!*/);--tw-backdrop-opacity:var(--tw-empty,/*!*/ /*!*/);--tw-backdrop-saturate:var(--tw-empty,/*!*/ /*!*/);--tw-backdrop-sepia:var(--tw-empty,/*!*/ /*!*/);--tw-backdrop-filter:var(--tw-backdrop-blur) var(--tw-backdrop-brightness) var(--tw-backdrop-contrast) var(--tw-backdrop-grayscale) var(--tw-backdrop-hue-rotate) var(--tw-backdrop-invert) var(--tw-backdrop-opacity) var(--tw-backdrop-saturate) var(--tw-backdrop-sepia);border:0 solid;border:0 solid rgba(229,231,235,var(--tw-border-opacity));box-sizing:border-box}h1{font-size:inherit;font-weight:inherit;margin:0}a{color:inherit;text-decoration:inherit}.text-indigo-700{--tw-text-opacity:1;color:rgba(67,56,202,var(--tw-text-opacity))}.text-indigo-500{--tw-text-opacity:1;color:rgba(99,102,241,var(--tw-text-opacity))}\\";
export default basicComponentCss;
"
`;

exports[`functional-component given functional class component in imported file to component, should output tailwind styles from functional import and component 1`] = `
"/* eslint-disable */
const basicComponentCss = \\":host{display:block}.md{--tw-text-opacity:1;color:rgba(254,226,226,var(--tw-text-opacity))}/*! tailwindcss v2.2.4 | MIT License | https://tailwindcss.com*//*! modern-normalize v1.1.0 | MIT License | https://github.com/sindresorhus/modern-normalize */*,:after,:before{--tw-translate-x:0;--tw-translate-y:0;--tw-rotate:0;--tw-skew-x:0;--tw-skew-y:0;--tw-scale-x:1;--tw-scale-y:1;--tw-transform:translateX(var(--tw-translate-x)) translateY(var(--tw-translate-y)) rotate(var(--tw-rotate)) skewX(var(--tw-skew-x)) skewY(var(--tw-skew-y)) scaleX(var(--tw-scale-x)) scaleY(var(--tw-scale-y));--tw-border-opacity:1;--tw-shadow:0 0 #0000;--tw-ring-inset:var(--tw-empty,/*!*/ /*!*/);--tw-ring-offset-width:0px;--tw-ring-offset-color:#fff;--tw-ring-color:rgba(59,130,246,0.5);--tw-ring-offset-shadow:0 0 #0000;--tw-ring-shadow:0 0 #0000;--tw-blur:var(--tw-empty,/*!*/ /*!*/);--tw-brightness:var(--tw-empty,/*!*/ /*!*/);--tw-contrast:var(--tw-empty,/*!*/ /*!*/);--tw-grayscale:var(--tw-empty,/*!*/ /*!*/);--tw-hue-rotate:var(--tw-empty,/*!*/ /*!*/);--tw-invert:var(--tw-empty,/*!*/ /*!*/);--tw-saturate:var(--tw-empty,/*!*/ /*!*/);--tw-sepia:var(--tw-empty,/*!*/ /*!*/);--tw-drop-shadow:var(--tw-empty,/*!*/ /*!*/);--tw-filter:var(--tw-blur) var(--tw-brightness) var(--tw-contrast) var(--tw-grayscale) var(--tw-hue-rotate) var(--tw-invert) var(--tw-saturate) var(--tw-sepia) var(--tw-drop-shadow);--tw-backdrop-blur:var(--tw-empty,/*!*/ /*!*/);--tw-backdrop-brightness:var(--tw-empty,/*!*/ /*!*/);--tw-backdrop-contrast:var(--tw-empty,/*!*/ /*!*/);--tw-backdrop-grayscale:var(--tw-empty,/*!*/ /*!*/);--tw-backdrop-hue-rotate:var(--tw-empty,/*!*/ /*!*/);--tw-backdrop-invert:var(--tw-empty,/*!*/ /*!*/);--tw-backdrop-opacity:var(--tw-empty,/*!*/ /*!*/);--tw-backdrop-saturate:var(--tw-empty,/*!*/ /*!*/);--tw-backdrop-sepia:var(--tw-empty,/*!*/ /*!*/);--tw-backdrop-filter:var(--tw-backdrop-blur) var(--tw-backdrop-brightness) var(--tw-backdrop-contrast) var(--tw-backdrop-grayscale) var(--tw-backdrop-hue-rotate) var(--tw-backdrop-invert) var(--tw-backdrop-opacity) var(--tw-backdrop-saturate) var(--tw-backdrop-sepia);border:0 solid;border-color:rgba(229,231,235,var(--tw-border-opacity));box-sizing:border-box}h1{font-size:inherit;font-weight:inherit;margin:0}a{color:inherit;text-decoration:inherit}.text-indigo-700{--tw-text-opacity:1;color:rgba(67,56,202,var(--tw-text-opacity))}.text-indigo-500{--tw-text-opacity:1;color:rgba(99,102,241,var(--tw-text-opacity))}\\";
export default basicComponentCss;
"
`;

exports[`functional-component given functional class component in the same file as component, should output tailwind styles 1`] = `
"/* eslint-disable */
import { registerInstance as __stencil_registerInstance, attachShadow as __stencil_attachShadow } from \\"@stencil/core/internal/client\\";
import { Host, h } from \\"@stencil/core/internal/client\\";
import basicComponentStyle from \\"./basic-component.css?tag=basic-component&encapsulation=shadow\\";
const FunctionalCompExternalToComponentInSameFile = ({ name }) => (h(\\"h1\\", { class: \\"text-yellow-400\\" }, \\"I'm in the same file as component, but outside decorator! Hello, \\", name, \\"!\\"));
export const BasicComponent = class extends HTMLElement {
    constructor() {
        super();
        this.__registerHost();
        __stencil_attachShadow(this);
    }
    render() {
        const conditionalStyles = {
            \\"flex flex-col\\": true,
            \\"bg-red-50\\": this.inputProp,
            \\"bg-green-50\\": !this.inputProp,
        };
        return (h(Host, null, h(\\"div\\", { class: conditionalStyles }, h(FunctionalCompExternalToComponentInSameFile, { name: \\"world\\" }), h(\\"slot\\", null))));
    }
    static get style() { return basicComponentStyle + '/*! tailwindcss v2.2.4 | MIT License | https://tailwindcss.com*//*! modern-normalize v1.1.0 | MIT License | https://github.com/sindresorhus/modern-normalize */*,:after,:before{--tw-translate-x:0;--tw-translate-y:0;--tw-rotate:0;--tw-skew-x:0;--tw-skew-y:0;--tw-scale-x:1;--tw-scale-y:1;--tw-transform:translateX(var(--tw-translate-x)) translateY(var(--tw-translate-y)) rotate(var(--tw-rotate)) skewX(var(--tw-skew-x)) skewY(var(--tw-skew-y)) scaleX(var(--tw-scale-x)) scaleY(var(--tw-scale-y));--tw-border-opacity:1;--tw-shadow:0 0 #0000;--tw-ring-inset:var(--tw-empty,/*!*/ /*!*/);--tw-ring-offset-width:0px;--tw-ring-offset-color:#fff;--tw-ring-color:rgba(59,130,246,0.5);--tw-ring-offset-shadow:0 0 #0000;--tw-ring-shadow:0 0 #0000;--tw-blur:var(--tw-empty,/*!*/ /*!*/);--tw-brightness:var(--tw-empty,/*!*/ /*!*/);--tw-contrast:var(--tw-empty,/*!*/ /*!*/);--tw-grayscale:var(--tw-empty,/*!*/ /*!*/);--tw-hue-rotate:var(--tw-empty,/*!*/ /*!*/);--tw-invert:var(--tw-empty,/*!*/ /*!*/);--tw-saturate:var(--tw-empty,/*!*/ /*!*/);--tw-sepia:var(--tw-empty,/*!*/ /*!*/);--tw-drop-shadow:var(--tw-empty,/*!*/ /*!*/);--tw-filter:var(--tw-blur) var(--tw-brightness) var(--tw-contrast) var(--tw-grayscale) var(--tw-hue-rotate) var(--tw-invert) var(--tw-saturate) var(--tw-sepia) var(--tw-drop-shadow);--tw-backdrop-blur:var(--tw-empty,/*!*/ /*!*/);--tw-backdrop-brightness:var(--tw-empty,/*!*/ /*!*/);--tw-backdrop-contrast:var(--tw-empty,/*!*/ /*!*/);--tw-backdrop-grayscale:var(--tw-empty,/*!*/ /*!*/);--tw-backdrop-hue-rotate:var(--tw-empty,/*!*/ /*!*/);--tw-backdrop-invert:var(--tw-empty,/*!*/ /*!*/);--tw-backdrop-opacity:var(--tw-empty,/*!*/ /*!*/);--tw-backdrop-saturate:var(--tw-empty,/*!*/ /*!*/);--tw-backdrop-sepia:var(--tw-empty,/*!*/ /*!*/);--tw-backdrop-filter:var(--tw-backdrop-blur) var(--tw-backdrop-brightness) var(--tw-backdrop-contrast) var(--tw-backdrop-grayscale) var(--tw-backdrop-hue-rotate) var(--tw-backdrop-invert) var(--tw-backdrop-opacity) var(--tw-backdrop-saturate) var(--tw-backdrop-sepia);border:0 solid;border-color:rgba(229,231,235,var(--tw-border-opacity));box-sizing:border-box}h1{font-size:inherit;font-weight:inherit;margin:0}.static{position:static}.flex{display:flex}.flex-col{flex-direction:column}.bg-red-50{--tw-bg-opacity:1;background-color:rgba(254,242,242,var(--tw-bg-opacity))}.bg-green-50{--tw-bg-opacity:1;background-color:rgba(236,253,245,var(--tw-bg-opacity))}.text-yellow-400{--tw-text-opacity:1;color:rgba(251,191,36,var(--tw-text-opacity))}.shadow{--tw-shadow:0 1px 3px 0 rgba(0,0,0,0.1),0 1px 2px 0 rgba(0,0,0,0.06);box-shadow:var(--tw-ring-offset-shadow,0 0 #0000),var(--tw-ring-shadow,0 0 #0000),var(--tw-shadow)}'; }
};
"
`;

exports[`functional-component given functional component in same file as component, should output tailwind styles 1`] = `
"/* eslint-disable */
import { registerInstance as __stencil_registerInstance } from \\"@stencil/core\\";
import { Component, Host, h, Prop } from \\"@stencil/core\\";
import basicComponentStyle from \\"./basic-component.css?tag=basic-component&encapsulation=shadow\\";
const FunctionalCompExternalToComponentInSameFile = ({ name }) => (h(\\"h1\\", { class: \\"text-yellow-400\\" }, \\"I'm in the same file as component, but outside decorator! Hello, \\", name, \\"!\\"));
export const BasicComponent = class {
    constructor(hostRef) {
        __stencil_registerInstance(this, hostRef);
    }
    render() {
        const conditionalStyles = {
            \\"flex flex-col\\": true,
            \\"bg-red-50\\": this.inputProp,
            \\"bg-green-50\\": !this.inputProp,
        };
        return (h(Host, null, h(\\"div\\", { class: conditionalStyles }, h(FunctionalCompExternalToComponentInSameFile, { name: \\"world\\" }), h(\\"slot\\", null))));
    }
};
BasicComponent.style = basicComponentStyle + '/*! tailwindcss v2.2.4 | MIT License | https://tailwindcss.com*//*! modern-normalize v1.1.0 | MIT License | https://github.com/sindresorhus/modern-normalize */*,:after,:before{--tw-translate-x:0;--tw-translate-y:0;--tw-rotate:0;--tw-skew-x:0;--tw-skew-y:0;--tw-scale-x:1;--tw-scale-y:1;--tw-transform:translateX(var(--tw-translate-x)) translateY(var(--tw-translate-y)) rotate(var(--tw-rotate)) skewX(var(--tw-skew-x)) skewY(var(--tw-skew-y)) scaleX(var(--tw-scale-x)) scaleY(var(--tw-scale-y));--tw-border-opacity:1;--tw-shadow:0 0 #0000;--tw-ring-inset:var(--tw-empty,/*!*/ /*!*/);--tw-ring-offset-width:0px;--tw-ring-offset-color:#fff;--tw-ring-color:rgba(59,130,246,0.5);--tw-ring-offset-shadow:0 0 #0000;--tw-ring-shadow:0 0 #0000;--tw-blur:var(--tw-empty,/*!*/ /*!*/);--tw-brightness:var(--tw-empty,/*!*/ /*!*/);--tw-contrast:var(--tw-empty,/*!*/ /*!*/);--tw-grayscale:var(--tw-empty,/*!*/ /*!*/);--tw-hue-rotate:var(--tw-empty,/*!*/ /*!*/);--tw-invert:var(--tw-empty,/*!*/ /*!*/);--tw-saturate:var(--tw-empty,/*!*/ /*!*/);--tw-sepia:var(--tw-empty,/*!*/ /*!*/);--tw-drop-shadow:var(--tw-empty,/*!*/ /*!*/);--tw-filter:var(--tw-blur) var(--tw-brightness) var(--tw-contrast) var(--tw-grayscale) var(--tw-hue-rotate) var(--tw-invert) var(--tw-saturate) var(--tw-sepia) var(--tw-drop-shadow);--tw-backdrop-blur:var(--tw-empty,/*!*/ /*!*/);--tw-backdrop-brightness:var(--tw-empty,/*!*/ /*!*/);--tw-backdrop-contrast:var(--tw-empty,/*!*/ /*!*/);--tw-backdrop-grayscale:var(--tw-empty,/*!*/ /*!*/);--tw-backdrop-hue-rotate:var(--tw-empty,/*!*/ /*!*/);--tw-backdrop-invert:var(--tw-empty,/*!*/ /*!*/);--tw-backdrop-opacity:var(--tw-empty,/*!*/ /*!*/);--tw-backdrop-saturate:var(--tw-empty,/*!*/ /*!*/);--tw-backdrop-sepia:var(--tw-empty,/*!*/ /*!*/);--tw-backdrop-filter:var(--tw-backdrop-blur) var(--tw-backdrop-brightness) var(--tw-backdrop-contrast) var(--tw-backdrop-grayscale) var(--tw-backdrop-hue-rotate) var(--tw-backdrop-invert) var(--tw-backdrop-opacity) var(--tw-backdrop-saturate) var(--tw-backdrop-sepia);border:0 solid;border-color:rgba(229,231,235,var(--tw-border-opacity));box-sizing:border-box}h1{font-size:inherit;font-weight:inherit;margin:0}.flex{display:flex}.flex-col{flex-direction:column}.bg-red-50{--tw-bg-opacity:1;background-color:rgba(254,242,242,var(--tw-bg-opacity))}.bg-green-50{--tw-bg-opacity:1;background-color:rgba(236,253,245,var(--tw-bg-opacity))}.text-yellow-400{--tw-text-opacity:1;color:rgba(251,191,36,var(--tw-text-opacity))}.shadow{--tw-shadow:0 1px 3px 0 rgba(0,0,0,0.1),0 1px 2px 0 rgba(0,0,0,0.06);box-shadow:var(--tw-ring-offset-shadow,0 0 #0000),var(--tw-ring-shadow,0 0 #0000),var(--tw-shadow)}';
"
`;
